Archive member included to satisfy reference by file (symbol)

C:/Users/iago/.pico-sdk/toolchain/13_3_Rel1/bin/../lib/gcc/arm-none-eabi/13.3.1/thumb/v6-m/nofp\libgcc.a(_dvmd_tls.o)
                              CMakeFiles/ws2812.dir/C_/Users/iago/.pico-sdk/sdk/2.1.0/src/rp2_common/pico_divider/divider_hardware.S.obj (__aeabi_idiv0)
C:/Users/iago/.pico-sdk/toolchain/13_3_Rel1/bin/../lib/gcc/arm-none-eabi/13.3.1/thumb/v6-m/nofp\libg.a(libc_a-calloc.o)
                              CMakeFiles/ws2812.dir/C_/Users/iago/.pico-sdk/sdk/2.1.0/src/rp2_common/pico_malloc/malloc.c.obj (calloc)
C:/Users/iago/.pico-sdk/toolchain/13_3_Rel1/bin/../lib/gcc/arm-none-eabi/13.3.1/thumb/v6-m/nofp\libg.a(libc_a-callocr.o)
                              C:/Users/iago/.pico-sdk/toolchain/13_3_Rel1/bin/../lib/gcc/arm-none-eabi/13.3.1/thumb/v6-m/nofp\libg.a(libc_a-calloc.o) (_calloc_r)
C:/Users/iago/.pico-sdk/toolchain/13_3_Rel1/bin/../lib/gcc/arm-none-eabi/13.3.1/thumb/v6-m/nofp\libg.a(libc_a-malloc.o)
                              CMakeFiles/ws2812.dir/C_/Users/iago/.pico-sdk/sdk/2.1.0/src/rp2_common/pico_malloc/malloc.c.obj (malloc)
C:/Users/iago/.pico-sdk/toolchain/13_3_Rel1/bin/../lib/gcc/arm-none-eabi/13.3.1/thumb/v6-m/nofp\libg.a(libc_a-mallocr.o)
                              C:/Users/iago/.pico-sdk/toolchain/13_3_Rel1/bin/../lib/gcc/arm-none-eabi/13.3.1/thumb/v6-m/nofp\libg.a(libc_a-callocr.o) (_malloc_r)
C:/Users/iago/.pico-sdk/toolchain/13_3_Rel1/bin/../lib/gcc/arm-none-eabi/13.3.1/thumb/v6-m/nofp\libg.a(libc_a-mlock.o)
                              C:/Users/iago/.pico-sdk/toolchain/13_3_Rel1/bin/../lib/gcc/arm-none-eabi/13.3.1/thumb/v6-m/nofp\libg.a(libc_a-mallocr.o) (__malloc_lock)
C:/Users/iago/.pico-sdk/toolchain/13_3_Rel1/bin/../lib/gcc/arm-none-eabi/13.3.1/thumb/v6-m/nofp\libg.a(libc_a-realloc.o)
                              CMakeFiles/ws2812.dir/C_/Users/iago/.pico-sdk/sdk/2.1.0/src/rp2_common/pico_malloc/malloc.c.obj (realloc)
C:/Users/iago/.pico-sdk/toolchain/13_3_Rel1/bin/../lib/gcc/arm-none-eabi/13.3.1/thumb/v6-m/nofp\libg.a(libc_a-reallocr.o)
                              C:/Users/iago/.pico-sdk/toolchain/13_3_Rel1/bin/../lib/gcc/arm-none-eabi/13.3.1/thumb/v6-m/nofp\libg.a(libc_a-realloc.o) (_realloc_r)
C:/Users/iago/.pico-sdk/toolchain/13_3_Rel1/bin/../lib/gcc/arm-none-eabi/13.3.1/thumb/v6-m/nofp\libg.a(libc_a-memcmp.o)
                              CMakeFiles/ws2812.dir/C_/Users/iago/.pico-sdk/sdk/2.1.0/src/rp2_common/pico_atomic/atomic.c.obj (memcmp)
C:/Users/iago/.pico-sdk/toolchain/13_3_Rel1/bin/../lib/gcc/arm-none-eabi/13.3.1/thumb/v6-m/nofp\libg.a(libc_a-memmove.o)
                              C:/Users/iago/.pico-sdk/toolchain/13_3_Rel1/bin/../lib/gcc/arm-none-eabi/13.3.1/thumb/v6-m/nofp\libg.a(libc_a-reallocr.o) (memmove)
C:/Users/iago/.pico-sdk/toolchain/13_3_Rel1/bin/../lib/gcc/arm-none-eabi/13.3.1/thumb/v6-m/nofp\libg.a(libc_a-lcltime_r.o)
                              CMakeFiles/ws2812.dir/C_/Users/iago/.pico-sdk/sdk/2.1.0/src/common/pico_util/datetime.c.obj (localtime_r)
C:/Users/iago/.pico-sdk/toolchain/13_3_Rel1/bin/../lib/gcc/arm-none-eabi/13.3.1/thumb/v6-m/nofp\libg.a(libc_a-mktime.o)
                              CMakeFiles/ws2812.dir/C_/Users/iago/.pico-sdk/sdk/2.1.0/src/common/pico_util/datetime.c.obj (mktime)
C:/Users/iago/.pico-sdk/toolchain/13_3_Rel1/bin/../lib/gcc/arm-none-eabi/13.3.1/thumb/v6-m/nofp\libg.a(libc_a-month_lengths.o)
                              C:/Users/iago/.pico-sdk/toolchain/13_3_Rel1/bin/../lib/gcc/arm-none-eabi/13.3.1/thumb/v6-m/nofp\libg.a(libc_a-lcltime_r.o) (__month_lengths)
C:/Users/iago/.pico-sdk/toolchain/13_3_Rel1/bin/../lib/gcc/arm-none-eabi/13.3.1/thumb/v6-m/nofp\libg.a(libc_a-tzcalc_limits.o)
                              C:/Users/iago/.pico-sdk/toolchain/13_3_Rel1/bin/../lib/gcc/arm-none-eabi/13.3.1/thumb/v6-m/nofp\libg.a(libc_a-lcltime_r.o) (__tzcalc_limits)
C:/Users/iago/.pico-sdk/toolchain/13_3_Rel1/bin/../lib/gcc/arm-none-eabi/13.3.1/thumb/v6-m/nofp\libg.a(libc_a-tzlock.o)
                              C:/Users/iago/.pico-sdk/toolchain/13_3_Rel1/bin/../lib/gcc/arm-none-eabi/13.3.1/thumb/v6-m/nofp\libg.a(libc_a-lcltime_r.o) (__tz_lock)
C:/Users/iago/.pico-sdk/toolchain/13_3_Rel1/bin/../lib/gcc/arm-none-eabi/13.3.1/thumb/v6-m/nofp\libg.a(libc_a-tzset.o)
                              C:/Users/iago/.pico-sdk/toolchain/13_3_Rel1/bin/../lib/gcc/arm-none-eabi/13.3.1/thumb/v6-m/nofp\libg.a(libc_a-lcltime_r.o) (_tzset_unlocked)
C:/Users/iago/.pico-sdk/toolchain/13_3_Rel1/bin/../lib/gcc/arm-none-eabi/13.3.1/thumb/v6-m/nofp\libg.a(libc_a-tzset_r.o)
                              C:/Users/iago/.pico-sdk/toolchain/13_3_Rel1/bin/../lib/gcc/arm-none-eabi/13.3.1/thumb/v6-m/nofp\libg.a(libc_a-tzset.o) (_tzset_unlocked_r)
C:/Users/iago/.pico-sdk/toolchain/13_3_Rel1/bin/../lib/gcc/arm-none-eabi/13.3.1/thumb/v6-m/nofp\libg.a(libc_a-tzvars.o)
[...]
Memory Configuration

Name             Origin             Length             Attributes
FLASH            0x10000000         0x00200000         xr
RAM              0x20000000         0x00040000         xrw
SCRATCH_X        0x20040000         0x00001000         xrw
SCRATCH_Y        0x20041000         0x00001000         xrw
*default*        0x00000000         0xffffffff

Linker script and memory map

LOAD C:/Users/iago/.pico-sdk/toolchain/13_3_Rel1/bin/../lib/gcc/arm-none-eabi/13.3.1/thumb/v6-m/nofp/crti.o
LOAD C:/Users/iago/.pico-sdk/toolchain/13_3_Rel1/bin/../lib/gcc/arm-none-eabi/13.3.1/thumb/v6-m/nofp/crtbegin.o
LOAD C:/Users/iago/.pico-sdk/toolchain/13_3_Rel1/bin/../lib/gcc/arm-none-eabi/13.3.1/thumb/v6-m/nofp/crt0.o

.flash_begin    0x10000000        0x0
                0x10000000                        __flash_binary_start = .

.boot2          0x10000000      0x100
                0x10000000                        __boot2_start__ = .
 *(.boot2)
 .boot2         0x10000000      0x100 pico-sdk/src/rp2040/boot_stage2/CMakeFiles/bs2_default_library.dir/./bs2_default_padded_checksummed.S.obj
                0x10000100                        __boot2_end__ = .
                0x00000001                        ASSERT (((__boot2_end__ - __boot2_start__) == 0x100), ERROR: Pico second stage bootloader must be 256 bytes in size)

.text           0x10000100     0x2710
                0x10000100                        __logical_binary_start = .
 *(.vectors)
 .vectors       0x10000100       0xd4 CMakeFiles/ws2812.dir/C_/Users/iago/.pico-sdk/sdk/2.1.0/src/rp2_common/pico_crt0/crt0.S.obj
                0x10000100                __VECTOR_TABLE
                0x10000100                __vectors
                0x100001c0                isr_invalid
                0x100001c0                __default_isrs_start
                0x100001c2                isr_nmi
                0x100001c4                isr_hardfault
                0x100001c6                isr_svcall
                0x100001c8                isr_pendsv
                0x100001ca                isr_systick
                0x100001cc                isr_irq23
                0x100001cc                isr_irq18
                0x100001cc                isr_irq11
                0x100001cc                isr_irq28
                0x100001cc                isr_irq19
                0x100001cc                isr_irq0
                0x100001cc                isr_irq6
                0x100001cc                isr_irq5
                0x100001cc                isr_irq12
                0x100001cc                isr_irq22
                0x100001cc                isr_irq31
                0x100001cc                isr_irq17
                0x100001cc                isr_irq27
                0x100001cc                isr_irq30
                0x100001cc                isr_irq2
                0x100001cc                isr_irq10
                0x100001cc                isr_irq8
                0x100001cc                isr_irq24
                0x100001cc                isr_irq1
                0x100001cc                isr_irq7
                0x100001cc                isr_irq21
                0x100001cc                isr_irq20
                0x100001cc                isr_irq15
                0x100001cc                isr_irq25
                0x100001cc                isr_irq13
                0x100001cc                __unhandled_user_irq
                0x100001cc                isr_irq4
                0x100001cc                isr_irq16
                0x100001cc                isr_irq29
                0x100001cc                isr_irq26
                0x100001cc                __default_isrs_end
                0x100001cc                isr_irq3
                0x100001cc                isr_irq14
                0x100001cc                isr_irq9
                0x100001d2                unhandled_user_irq_num_in_r0
 *(.binary_info_header)
 .binary_info_header
                0x100001d4       0x14 CMakeFiles/ws2812.dir/C_/Users/iago/.pico-sdk/sdk/2.1.0/src/rp2_common/pico_crt0/crt0.S.obj
                0x100001e8                        __binary_info_header_end = .
 *(.embedded_block)
                0x100001e8                        __embedded_block_end = .
 *(.reset)
 .reset         0x100001e8       0x9c CMakeFiles/ws2812.dir/C_/Users/iago/.pico-sdk/sdk/2.1.0/src/rp2_common/pico_crt0/crt0.S.obj
                0x100001e8                _entry_point
 *(.init)
 .init          0x10000284        0x4 C:/Users/iago/.pico-sdk/toolchain/13_3_Rel1/bin/../lib/gcc/arm-none-eabi/13.3.1/thumb/v6-m/nofp/crti.o
                0x10000284                _init
 *(EXCLUDE_FILE(*libm.a: *libc.a:*lib_a-mem*.o *libgcc.a:) .text*)
 .text.register_tm_clones
                0x10000288       0x28 C:/Users/iago/.pico-sdk/toolchain/13_3_Rel1/bin/../lib/gcc/arm-none-eabi/13.3.1/thumb/v6-m/nofp/crtbegin.o
 .text.frame_dummy
                0x100002b0       0x24 C:/Users/iago/.pico-sdk/toolchain/13_3_Rel1/bin/../lib/gcc/arm-none-eabi/13.3.1/thumb/v6-m/nofp/crtbegin.o
 .text.interrupcao_gpio
                0x100002d4       0xcc CMakeFiles/ws2812.dir/ws2812.c.obj
                0x100002d4                interrupcao_gpio
 .text.startup.main
                0x100003a0      0x154 CMakeFiles/ws2812.dir/ws2812.c.obj
                0x100003a0                main
 .text.gpio_default_irq_handler
                0x100004f4      0x274 CMakeFiles/ws2812.dir/C_/Users/iago/.pico-sdk/sdk/2.1.0/src/rp2_common/hardware_gpio/gpio.c.obj
 .text.gpio_set_function
                0x10000768       0x34 CMakeFiles/ws2812.dir/C_/Users/iago/.pico-sdk/sdk/2.1.0/src/rp2_common/hardware_gpio/gpio.c.obj
                0x10000768                gpio_set_function
 .text.gpio_set_pulls
                0x1000079c       0x28 CMakeFiles/ws2812.dir/C_/Users/iago/.pico-sdk/sdk/2.1.0/src/rp2_common/hardware_gpio/gpio.c.obj
                0x1000079c                gpio_set_pulls
 .text.gpio_set_irq_enabled_with_callback
                0x100007c4       0xd0 CMakeFiles/ws2812.dir/C_/Users/iago/.pico-sdk/sdk/2.1.0/src/rp2_common/hardware_gpio/gpio.c.obj
                0x100007c4                gpio_set_irq_enabled_with_callback
 .text.gpio_init
                0x10000894       0x40 CMakeFiles/ws2812.dir/C_/Users/iago/.pico-sdk/sdk/2.1.0/src/rp2_common/hardware_gpio/gpio.c.obj
                0x10000894                gpio_init
 .text.panic    0x100008d4       0x30 CMakeFiles/ws2812.dir/C_/Users/iago/.pico-sdk/sdk/2.1.0/src/rp2_common/pico_platform_panic/panic.c.obj
                0x100008d4                panic
 .text.hw_claim_lock
                0x10000904       0x18 CMakeFiles/ws2812.dir/C_/Users/iago/.pico-sdk/sdk/2.1.0/src/common/hardware_claim/claim.c.obj
                0x10000904                hw_claim_lock
 .text.hw_claim_unlock
                0x1000091c       0x14 CMakeFiles/ws2812.dir/C_/Users/iago/.pico-sdk/sdk/2.1.0/src/common/hardware_claim/claim.c.obj
                0x1000091c                hw_claim_unlock
 .text.hw_claim_or_assert
                0x10000930       0x44 CMakeFiles/ws2812.dir/C_/Users/iago/.pico-sdk/sdk/2.1.0/src/common/hardware_claim/claim.c.obj
                0x10000930                hw_claim_or_assert
 .text.next_striped_spin_lock_num
                0x10000974       0x18 CMakeFiles/ws2812.dir/C_/Users/iago/.pico-sdk/sdk/2.1.0/src/rp2_common/hardware_sync/sync.c.obj
                0x10000974                next_striped_spin_lock_num
 .text.spin_locks_reset
                0x1000098c       0x1c CMakeFiles/ws2812.dir/C_/Users/iago/.pico-sdk/sdk/2.1.0/src/rp2_common/hardware_sync_spin_lock/sync_spin_lock.c.obj
                0x1000098c                spin_locks_reset
 .text.runtime_init_per_core_irq_priorities
                0x100009a8       0x24 CMakeFiles/ws2812.dir/C_/Users/iago/.pico-sdk/sdk/2.1.0/src/rp2_common/hardware_irq/irq.c.obj
                0x100009a8                runtime_init_per_core_irq_priorities
 .text.irq_set_enabled
                0x100009cc       0x24 CMakeFiles/ws2812.dir/C_/Users/iago/.pico-sdk/sdk/2.1.0/src/rp2_common/hardware_irq/irq.c.obj
                0x100009cc                irq_set_enabled
 .text.irq_set_exclusive_handler
                0x100009f0       0x54 CMakeFiles/ws2812.dir/C_/Users/iago/.pico-sdk/sdk/2.1.0/src/rp2_common/hardware_irq/irq.c.obj
                0x100009f0                irq_set_exclusive_handler
 .text.irq_add_shared_handler
                0x10000a44      0x1f4 CMakeFiles/ws2812.dir/C_/Users/iago/.pico-sdk/sdk/2.1.0/src/rp2_common/hardware_irq/irq.c.obj
                0x10000a44                irq_add_shared_handler
 .text.irq_remove_handler
                0x10000c38      0x1d4 CMakeFiles/ws2812.dir/C_/Users/iago/.pico-sdk/sdk/2.1.0/src/rp2_common/hardware_irq/irq.c.obj
                0x10000c38                irq_remove_handler
 .text.irq_add_tail_to_free_list
                0x10000e0c       0xb4 CMakeFiles/ws2812.dir/C_/Users/iago/.pico-sdk/sdk/2.1.0/src/rp2_common/hardware_irq/irq.c.obj
                0x10000e0c                irq_add_tail_to_free_list
 .text.lock_init
                0x10000ec0       0x10 CMakeFiles/ws2812.dir/C_/Users/iago/.pico-sdk/sdk/2.1.0/src/common/pico_sync/lock_core.c.obj
                0x10000ec0                lock_init
 .text.runtime_init_mutex
                0x10000ed0       0x50 CMakeFiles/ws2812.dir/C_/Users/iago/.pico-sdk/sdk/2.1.0/src/common/pico_sync/mutex.c.obj
                0x10000ed0                runtime_init_mutex
 .text.sleep_until_callback
                0x10000f20       0x30 CMakeFiles/ws2812.dir/C_/Users/iago/.pico-sdk/sdk/2.1.0/src/common/pico_time/time.c.obj
 .text.alarm_pool_irq_handler
                0x10000f50      0x2fc CMakeFiles/ws2812.dir/C_/Users/iago/.pico-sdk/sdk/2.1.0/src/common/pico_time/time.c.obj
 .text.runtime_init_default_alarm_pool
                0x1000124c       0xdc CMakeFiles/ws2812.dir/C_/Users/iago/.pico-sdk/sdk/2.1.0/src/common/pico_time/time.c.obj
                0x1000124c                runtime_init_default_alarm_pool
 .text.alarm_pool_add_alarm_at_force_in_context
                0x10001328       0xb0 CMakeFiles/ws2812.dir/C_/Users/iago/.pico-sdk/sdk/2.1.0/src/common/pico_time/time.c.obj
                0x10001328                alarm_pool_add_alarm_at_force_in_context
 .text.alarm_pool_cancel_alarm
                0x100013d8       0x74 CMakeFiles/ws2812.dir/C_/Users/iago/.pico-sdk/sdk/2.1.0/src/common/pico_time/time.c.obj
                0x100013d8                alarm_pool_cancel_alarm
 .text.sleep_until
                0x1000144c       0xd8 CMakeFiles/ws2812.dir/C_/Users/iago/.pico-sdk/sdk/2.1.0/src/common/pico_time/time.c.obj
                0x1000144c                sleep_until
 .text.sleep_ms
                0x10001524       0x38 CMakeFiles/ws2812.dir/C_/Users/iago/.pico-sdk/sdk/2.1.0/src/common/pico_time/time.c.obj
                0x10001524                sleep_ms
 .text.best_effort_wfe_or_timeout
                0x1000155c       0xe0 CMakeFiles/ws2812.dir/C_/Users/iago/.pico-sdk/sdk/2.1.0/src/common/pico_time/time.c.obj
                0x1000155c                best_effort_wfe_or_timeout
 .text.timer_hardware_alarm_claim
                0x1000163c       0x14 CMakeFiles/ws2812.dir/C_/Users/iago/.pico-sdk/sdk/2.1.0/src/rp2_common/hardware_timer/timer.c.obj
                0x1000163c                timer_hardware_alarm_claim
 .text.timer_time_us_64
                0x10001650       0x10 CMakeFiles/ws2812.dir/C_/Users/iago/.pico-sdk/sdk/2.1.0/src/rp2_common/hardware_timer/timer.c.obj
                0x10001650                timer_time_us_64
 .text.time_us_64
                0x10001660       0x14 CMakeFiles/ws2812.dir/C_/Users/iago/.pico-sdk/sdk/2.1.0/src/rp2_common/hardware_timer/timer.c.obj
                0x10001660                time_us_64
 .text.busy_wait_us
                0x10001674       0x68 CMakeFiles/ws2812.dir/C_/Users/iago/.pico-sdk/sdk/2.1.0/src/rp2_common/hardware_timer/timer.c.obj
                0x10001674                busy_wait_us
 .text.busy_wait_until
                0x100016dc       0x20 CMakeFiles/ws2812.dir/C_/Users/iago/.pico-sdk/sdk/2.1.0/src/rp2_common/hardware_timer/timer.c.obj
                0x100016dc                busy_wait_until
 .text.uart_init
                0x100016fc      0x120 CMakeFiles/ws2812.dir/C_/Users/iago/.pico-sdk/sdk/2.1.0/src/rp2_common/hardware_uart/uart.c.obj
                0x100016fc                uart_init
 .text.clock_configure_int_divider
                0x1000181c       0xf4 CMakeFiles/ws2812.dir/C_/Users/iago/.pico-sdk/sdk/2.1.0/src/rp2_common/hardware_clocks/clocks.c.obj
                0x1000181c                clock_configure_int_divider
 .text.clock_configure_undivided
                0x10001910       0xe8 CMakeFiles/ws2812.dir/C_/Users/iago/.pico-sdk/sdk/2.1.0/src/rp2_common/hardware_clocks/clocks.c.obj
                0x10001910                clock_configure_undivided
 .text.clock_get_hz
                0x100019f8        0xc CMakeFiles/ws2812.dir/C_/Users/iago/.pico-sdk/sdk/2.1.0/src/rp2_common/hardware_clocks/clocks.c.obj
                0x100019f8                clock_get_hz
 .text.pll_init
                0x10001a04       0xa4 CMakeFiles/ws2812.dir/C_/Users/iago/.pico-sdk/sdk/2.1.0/src/rp2_common/hardware_pll/pll.c.obj
                0x10001a04                pll_init
 .text.tick_start
                0x10001aa8       0x10 CMakeFiles/ws2812.dir/C_/Users/iago/.pico-sdk/sdk/2.1.0/src/rp2_common/hardware_ticks/ticks.c.obj
                0x10001aa8                tick_start
 .text.rom_func_lookup
                0x10001ab8       0x10 CMakeFiles/ws2812.dir/C_/Users/iago/.pico-sdk/sdk/2.1.0/src/rp2_common/pico_bootrom/bootrom.c.obj
                0x10001ab8                rom_func_lookup
 .text.rom_data_lookup
                0x10001ac8       0x10 CMakeFiles/ws2812.dir/C_/Users/iago/.pico-sdk/sdk/2.1.0/src/rp2_common/pico_bootrom/bootrom.c.obj
                0x10001ac8                rom_data_lookup
 .text.rom_funcs_lookup
                0x10001ad8       0x44 CMakeFiles/ws2812.dir/C_/Users/iago/.pico-sdk/sdk/2.1.0/src/rp2_common/pico_bootrom/bootrom.c.obj
                0x10001ad8                rom_funcs_lookup
 .text.xosc_init
                0x10001b1c       0x28 CMakeFiles/ws2812.dir/C_/Users/iago/.pico-sdk/sdk/2.1.0/src/rp2_common/hardware_xosc/xosc.c.obj
                0x10001b1c                xosc_init
 .text.first_per_core_initializer
                0x10001b44        0x4 CMakeFiles/ws2812.dir/C_/Users/iago/.pico-sdk/sdk/2.1.0/src/rp2_common/pico_runtime/runtime.c.obj
 .text.hard_assertion_failure
                0x10001b48        0xc CMakeFiles/ws2812.dir/C_/Users/iago/.pico-sdk/sdk/2.1.0/src/rp2_common/pico_runtime/runtime.c.obj
                0x10001b48                hard_assertion_failure
 .text.runtime_run_initializers
                0x10001b54       0x28 CMakeFiles/ws2812.dir/C_/Users/iago/.pico-sdk/sdk/2.1.0/src/rp2_common/pico_runtime/runtime.c.obj
                0x10001b54                runtime_run_initializers
 .text.runtime_init_early_resets
                0x10001b7c       0x2c CMakeFiles/ws2812.dir/C_/Users/iago/.pico-sdk/sdk/2.1.0/src/rp2_common/pico_runtime_init/runtime_init.c.obj
                0x10001b7c                runtime_init_early_resets
 .text.runtime_init_usb_power_down
                0x10001ba8       0x1c CMakeFiles/ws2812.dir/C_/Users/iago/.pico-sdk/sdk/2.1.0/src/rp2_common/pico_runtime_init/runtime_init.c.obj
                0x10001ba8                runtime_init_usb_power_down
 .text.runtime_init_post_clock_resets
                0x10001bc4       0x20 CMakeFiles/ws2812.dir/C_/Users/iago/.pico-sdk/sdk/2.1.0/src/rp2_common/pico_runtime_init/runtime_init.c.obj
                0x10001bc4                runtime_init_post_clock_resets
 .text.runtime_init_rp2040_gpio_ie_disable
                0x10001be4       0x14 CMakeFiles/ws2812.dir/C_/Users/iago/.pico-sdk/sdk/2.1.0/src/rp2_common/pico_runtime_init/runtime_init.c.obj
                0x10001be4                runtime_init_rp2040_gpio_ie_disable
 .text.runtime_init_spin_locks_reset
                0x10001bf8        0x8 CMakeFiles/ws2812.dir/C_/Users/iago/.pico-sdk/sdk/2.1.0/src/rp2_common/pico_runtime_init/runtime_init.c.obj
                0x10001bf8                runtime_init_spin_locks_reset
 .text.runtime_init_install_ram_vector_table
                0x10001c00       0x1c CMakeFiles/ws2812.dir/C_/Users/iago/.pico-sdk/sdk/2.1.0/src/rp2_common/pico_runtime_init/runtime_init.c.obj
                0x10001c00                runtime_init_install_ram_vector_table
 .text.runtime_init_clocks
                0x10001c1c       0xd8 CMakeFiles/ws2812.dir/C_/Users/iago/.pico-sdk/sdk/2.1.0/src/rp2_common/pico_runtime_init/runtime_init_clocks.c.obj
                0x10001c1c                runtime_init_clocks
 .text          0x10001cf4       0x10 CMakeFiles/ws2812.dir/C_/Users/iago/.pico-sdk/sdk/2.1.0/src/rp2_common/pico_bit_ops/bit_ops_aeabi.S.obj
 .text.__wrap___aeabi_idiv
                0x10001d04       0x50 CMakeFiles/ws2812.dir/C_/Users/iago/.pico-sdk/sdk/2.1.0/src/rp2_common/pico_divider/divider_hardware.S.obj
                0x10001d04                __wrap___aeabi_idivmod
                0x10001d04                divmod_s32s32
                0x10001d04                div_s32s32
                0x10001d04                __wrap___aeabi_idiv
                0x10001d0c                divmod_s32s32_unsafe
                0x10001d38                divmod_s32s32_savestate
 .text.__wrap___aeabi_uidiv
                0x10001d54       0x4c CMakeFiles/ws2812.dir/C_/Users/iago/.pico-sdk/sdk/2.1.0/src/rp2_common/pico_divider/divider_hardware.S.obj
                0x10001d54                __wrap___aeabi_uidiv
                0x10001d54                __wrap___aeabi_uidivmod
                0x10001d54                div_u32u32
                0x10001d54                divmod_u32u32
                0x10001d5c                divmod_u32u32_unsafe
                0x10001d84                divmod_u32u32_savestate
 .text.missing_double_func_shim
                0x10001da0        0xc CMakeFiles/ws2812.dir/C_/Users/iago/.pico-sdk/sdk/2.1.0/src/rp2_common/pico_double/double_init_rom_rp2040.c.obj
 .text.__aeabi_double_init
                0x10001dac       0xa0 CMakeFiles/ws2812.dir/C_/Users/iago/.pico-sdk/sdk/2.1.0/src/rp2_common/pico_double/double_init_rom_rp2040.c.obj
                0x10001dac                __aeabi_double_init
 .text.double_table_shim_on_use_helper
                0x10001e4c       0x2c CMakeFiles/ws2812.dir/C_/Users/iago/.pico-sdk/sdk/2.1.0/src/rp2_common/pico_double/double_v1_rom_shim_rp2040.S.obj
                0x10001e4c                double_table_shim_on_use_helper
 .text.__aeabi_lmul
                0x10001e78       0x32 CMakeFiles/ws2812.dir/C_/Users/iago/.pico-sdk/sdk/2.1.0/src/rp2_common/pico_int64_ops/pico_int64_ops_aeabi.S.obj
                0x10001e78                __wrap___aeabi_lmul
 *fill*         0x10001eaa        0x2 
 .text.__wrap___aeabi_farithmetic
                0x10001eac       0x48 CMakeFiles/ws2812.dir/C_/Users/iago/.pico-sdk/sdk/2.1.0/src/rp2_common/pico_float/float_aeabi_rp2040.S.obj
                0x10001eac                __wrap___aeabi_frsub
                0x10001eb2                __wrap___aeabi_fsub
                0x10001eb8                __wrap___aeabi_fadd
                0x10001ebe                __wrap___aeabi_fdiv
                0x10001ee6                __wrap___aeabi_fmul
 .text.__wrap___aeabi_ui2f
                0x10001ef4        0xa CMakeFiles/ws2812.dir/C_/Users/iago/.pico-sdk/sdk/2.1.0/src/rp2_common/pico_float/float_aeabi_rp2040.S.obj
                0x10001ef4                __wrap___aeabi_ui2f
                0x10001ef4                uint2float
 *fill*         0x10001efe        0x2 
 .text.__wrap___aeabi_i2f
                0x10001f00       0x44 CMakeFiles/ws2812.dir/C_/Users/iago/.pico-sdk/sdk/2.1.0/src/rp2_common/pico_float/float_aeabi_rp2040.S.obj
                0x10001f00                __wrap___aeabi_i2f
                0x10001f00                int2float
 .text.__wrap___aeabi_f2uiz
                0x10001f44        0xc CMakeFiles/ws2812.dir/C_/Users/iago/.pico-sdk/sdk/2.1.0/src/rp2_common/pico_float/float_aeabi_rp2040.S.obj
                0x10001f44                __wrap___aeabi_f2uiz
                0x10001f44                float2uint_z
 .text.missing_float_func_shim
                0x10001f50        0xc CMakeFiles/ws2812.dir/C_/Users/iago/.pico-sdk/sdk/2.1.0/src/rp2_common/pico_float/float_init_rom_rp2040.c.obj
 .text.__aeabi_float_init
                0x10001f5c       0x5c CMakeFiles/ws2812.dir/C_/Users/iago/.pico-sdk/sdk/2.1.0/src/rp2_common/pico_float/float_init_rom_rp2040.c.obj
                0x10001f5c                __aeabi_float_init
 .text          0x10001fb8       0x10 CMakeFiles/ws2812.dir/C_/Users/iago/.pico-sdk/sdk/2.1.0/src/rp2_common/pico_mem_ops/mem_ops_aeabi.S.obj
                0x10001fb8                __aeabi_mem_init
 .text.memcpy   0x10001fc8        0xc CMakeFiles/ws2812.dir/C_/Users/iago/.pico-sdk/sdk/2.1.0/src/rp2_common/pico_mem_ops/mem_ops_aeabi.S.obj
                0x10001fc8                __wrap_memcpy
                0x10001fc8                __wrap___aeabi_memcpy
 .text._out_char
                0x10001fd4       0x10 CMakeFiles/ws2812.dir/C_/Users/iago/.pico-sdk/sdk/2.1.0/src/rp2_common/pico_printf/printf.c.obj
 .text.weak_raw_vprintf
                0x10001fe4       0x30 CMakeFiles/ws2812.dir/C_/Users/iago/.pico-sdk/sdk/2.1.0/src/rp2_common/pico_printf/printf.c.obj
                0x10001fe4                weak_raw_vprintf
 .text._exit    0x10002014        0x4 CMakeFiles/ws2812.dir/C_/Users/iago/.pico-sdk/sdk/2.1.0/src/rp2_common/pico_clib_interface/newlib_interface.c.obj
                0x10002014                _exit
 .text.exit     0x10002018        0x8 CMakeFiles/ws2812.dir/C_/Users/iago/.pico-sdk/sdk/2.1.0/src/rp2_common/pico_clib_interface/newlib_interface.c.obj
                0x10002018                exit
 .text.runtime_init
                0x10002020       0x2c CMakeFiles/ws2812.dir/C_/Users/iago/.pico-sdk/sdk/2.1.0/src/rp2_common/pico_clib_interface/newlib_interface.c.obj
                0x10002020                runtime_init
 .text.stdio_out_chars_no_crlf
                0x1000204c       0x10 CMakeFiles/ws2812.dir/C_/Users/iago/.pico-sdk/sdk/2.1.0/src/rp2_common/pico_stdio/stdio.c.obj
 .text.stdio_out_chars_crlf
                0x1000205c       0x94 CMakeFiles/ws2812.dir/C_/Users/iago/.pico-sdk/sdk/2.1.0/src/rp2_common/pico_stdio/stdio.c.obj
 .text.stdio_put_string
                0x100020f0      0x100 CMakeFiles/ws2812.dir/C_/Users/iago/.pico-sdk/sdk/2.1.0/src/rp2_common/pico_stdio/stdio.c.obj
                0x100020f0                stdio_put_string
 .text.stdio_set_driver_enabled
                0x100021f0       0x30 CMakeFiles/ws2812.dir/C_/Users/iago/.pico-sdk/sdk/2.1.0/src/rp2_common/pico_stdio/stdio.c.obj
                0x100021f0                stdio_set_driver_enabled
 .text.stdio_init_all
                0x10002220        0xc CMakeFiles/ws2812.dir/C_/Users/iago/.pico-sdk/sdk/2.1.0/src/rp2_common/pico_stdio/stdio.c.obj
                0x10002220                stdio_init_all
 .text.__wrap_putchar
                0x1000222c       0x98 CMakeFiles/ws2812.dir/C_/Users/iago/.pico-sdk/sdk/2.1.0/src/rp2_common/pico_stdio/stdio.c.obj
                0x1000222c                __wrap_putchar
                0x1000222c                stdio_putchar
 .text.__wrap_puts
                0x100022c4       0x3c CMakeFiles/ws2812.dir/C_/Users/iago/.pico-sdk/sdk/2.1.0/src/rp2_common/pico_stdio/stdio.c.obj
                0x100022c4                stdio_puts
                0x100022c4                __wrap_puts
 .text.stdio_uart_out_chars
                0x10002300       0x4c CMakeFiles/ws2812.dir/C_/Users/iago/.pico-sdk/sdk/2.1.0/src/rp2_common/pico_stdio_uart/stdio_uart.c.obj
 .text.stdio_uart_in_chars
                0x1000234c       0x90 CMakeFiles/ws2812.dir/C_/Users/iago/.pico-sdk/sdk/2.1.0/src/rp2_common/pico_stdio_uart/stdio_uart.c.obj
                0x1000234c                stdio_uart_in_chars
 .text.on_uart_rx
                0x100023dc       0x28 CMakeFiles/ws2812.dir/C_/Users/iago/.pico-sdk/sdk/2.1.0/src/rp2_common/pico_stdio_uart/stdio_uart.c.obj
 .text.stdio_uart_out_flush
                0x10002404       0x14 CMakeFiles/ws2812.dir/C_/Users/iago/.pico-sdk/sdk/2.1.0/src/rp2_common/pico_stdio_uart/stdio_uart.c.obj
 .text.stdio_uart_set_chars_available_callback
                0x10002418       0x84 CMakeFiles/ws2812.dir/C_/Users/iago/.pico-sdk/sdk/2.1.0/src/rp2_common/pico_stdio_uart/stdio_uart.c.obj
 .text.stdio_uart_init
                0x1000249c       0x50 CMakeFiles/ws2812.dir/C_/Users/iago/.pico-sdk/sdk/2.1.0/src/rp2_common/pico_stdio_uart/stdio_uart.c.obj
                0x1000249c                stdio_uart_init
 .text.pio_add_program
                0x100024ec      0x104 CMakeFiles/ws2812.dir/C_/Users/iago/.pico-sdk/sdk/2.1.0/src/rp2_common/hardware_pio/pio.c.obj
                0x100024ec                pio_add_program
 .text.pio_sm_set_consecutive_pindirs
                0x100025f0       0xb4 CMakeFiles/ws2812.dir/C_/Users/iago/.pico-sdk/sdk/2.1.0/src/rp2_common/hardware_pio/pio.c.obj
                0x100025f0                pio_sm_set_consecutive_pindirs
 .text.pio_sm_init
                0x100026a4       0x9c CMakeFiles/ws2812.dir/C_/Users/iago/.pico-sdk/sdk/2.1.0/src/rp2_common/hardware_pio/pio.c.obj
                0x100026a4                pio_sm_init
 .text.strlen   0x10002740       0x5c C:/Users/iago/.pico-sdk/toolchain/13_3_Rel1/bin/../lib/gcc/arm-none-eabi/13.3.1/thumb/v6-m/nofp\libg.a(libc_a-strlen-stub.o)
                0x10002740                strlen
 *(.fini)
 .fini          0x1000279c        0x4 C:/Users/iago/.pico-sdk/toolchain/13_3_Rel1/bin/../lib/gcc/arm-none-eabi/13.3.1/thumb/v6-m/nofp/crti.o
                0x1000279c                _fini
 .fini.__stub   0x100027a0       0x30 linker stubs
 *crtbegin.o(.ctors)
 *crtbegin?.o(.ctors)
 *(EXCLUDE_FILE(*crtend.o *crtend?.o) .ctors)
 *(SORT_BY_NAME(.ctors.*))
 *(.ctors)
 *crtbegin.o(.dtors)
 *crtbegin?.o(.dtors)
 *(EXCLUDE_FILE(*crtend.o *crtend?.o) .dtors)
 *(SORT_BY_NAME(.dtors.*))
 *(.dtors)
                0x100027d0                        . = ALIGN (0x4)
                0x100027d0                        PROVIDE (__preinit_array_start = .)
 *(SORT_BY_NAME(.preinit_array.*))
 .preinit_array.00100
                0x100027d0        0x4 CMakeFiles/ws2812.dir/C_/Users/iago/.pico-sdk/sdk/2.1.0/src/rp2_common/pico_runtime_init/runtime_init.c.obj
                0x100027d0                __pre_init_runtime_init_early_resets
 .preinit_array.00101
                0x100027d4        0x4 CMakeFiles/ws2812.dir/C_/Users/iago/.pico-sdk/sdk/2.1.0/src/rp2_common/pico_runtime_init/runtime_init.c.obj
                0x100027d4                __pre_init_runtime_init_usb_power_down
 .preinit_array.00275
                0x100027d8        0x4 CMakeFiles/ws2812.dir/C_/Users/iago/.pico-sdk/sdk/2.1.0/src/rp2_common/pico_bit_ops/bit_ops_aeabi.S.obj
 .preinit_array.00300
                0x100027dc        0x4 CMakeFiles/ws2812.dir/C_/Users/iago/.pico-sdk/sdk/2.1.0/src/rp2_common/pico_mem_ops/mem_ops_aeabi.S.obj
 .preinit_array.00350
                0x100027e0        0x4 CMakeFiles/ws2812.dir/C_/Users/iago/.pico-sdk/sdk/2.1.0/src/rp2_common/pico_double/double_aeabi_rp2040.S.obj
 .preinit_array.00350
                0x100027e4        0x4 CMakeFiles/ws2812.dir/C_/Users/iago/.pico-sdk/sdk/2.1.0/src/rp2_common/pico_float/float_aeabi_rp2040.S.obj
 .preinit_array.00500
                0x100027e8        0x4 CMakeFiles/ws2812.dir/C_/Users/iago/.pico-sdk/sdk/2.1.0/src/rp2_common/pico_runtime_init/runtime_init.c.obj
                0x100027e8                __pre_init_runtime_init_clocks
 .preinit_array.00600
                0x100027ec        0x4 CMakeFiles/ws2812.dir/C_/Users/iago/.pico-sdk/sdk/2.1.0/src/rp2_common/pico_runtime_init/runtime_init.c.obj
                0x100027ec                __pre_init_runtime_init_post_clock_resets
 .preinit_array.00700
                0x100027f0        0x4 CMakeFiles/ws2812.dir/C_/Users/iago/.pico-sdk/sdk/2.1.0/src/rp2_common/pico_runtime_init/runtime_init.c.obj
                0x100027f0                __pre_init_runtime_init_rp2040_gpio_ie_disable
 .preinit_array.01000
                0x100027f4        0x4 CMakeFiles/ws2812.dir/C_/Users/iago/.pico-sdk/sdk/2.1.0/src/rp2_common/pico_runtime_init/runtime_init.c.obj
                0x100027f4                __pre_init_runtime_init_spin_locks_reset
 .preinit_array.01100
                0x100027f8        0x4 CMakeFiles/ws2812.dir/C_/Users/iago/.pico-sdk/sdk/2.1.0/src/common/pico_sync/mutex.c.obj
                0x100027f8                __pre_init_runtime_init_mutex
 .preinit_array.10080
                0x100027fc        0x4 CMakeFiles/ws2812.dir/C_/Users/iago/.pico-sdk/sdk/2.1.0/src/rp2_common/pico_runtime_init/runtime_init.c.obj
                0x100027fc                __pre_init_runtime_init_install_ram_vector_table
 .preinit_array.11000
                0x10002800        0x4 CMakeFiles/ws2812.dir/C_/Users/iago/.pico-sdk/sdk/2.1.0/src/common/pico_time/time.c.obj
                0x10002800                __pre_init_runtime_init_default_alarm_pool
 .preinit_array.YYYYY
                0x10002804        0x4 CMakeFiles/ws2812.dir/C_/Users/iago/.pico-sdk/sdk/2.1.0/src/rp2_common/pico_runtime/runtime.c.obj
                0x10002804                __pre_init_first_per_core_initializer
 .preinit_array.ZZZZZ.01200
                0x10002808        0x4 CMakeFiles/ws2812.dir/C_/Users/iago/.pico-sdk/sdk/2.1.0/src/rp2_common/hardware_irq/irq.c.obj
                0x10002808                __pre_init_runtime_init_per_core_irq_priorities
 *(.preinit_array)
                0x1000280c                        PROVIDE (__preinit_array_end = .)
                0x1000280c                        . = ALIGN (0x4)
                0x1000280c                        PROVIDE (__init_array_start = .)
 *(SORT_BY_NAME(.init_array.*))
 *(.init_array)
 .init_array    0x1000280c        0x4 C:/Users/iago/.pico-sdk/toolchain/13_3_Rel1/bin/../lib/gcc/arm-none-eabi/13.3.1/thumb/v6-m/nofp/crtbegin.o
                0x10002810                        PROVIDE (__init_array_end = .)
                0x10002810                        . = ALIGN (0x4)
                [!provide]                        PROVIDE (__fini_array_start = .)
 *(SORT_BY_NAME(.fini_array.*))
 *(.fini_array)
                [!provide]                        PROVIDE (__fini_array_end = .)
 *(.eh_frame*)
 .eh_frame      0x10002810        0x0 C:/Users/iago/.pico-sdk/toolchain/13_3_Rel1/bin/../lib/gcc/arm-none-eabi/13.3.1/thumb/v6-m/nofp/crtbegin.o
                0x10002810                        . = ALIGN (0x4)

.glue_7         0x10002810        0x0
 .glue_7        0x10002810        0x0 linker stubs

.glue_7t        0x10002810        0x0
 .glue_7t       0x10002810        0x0 linker stubs

.vfp11_veneer   0x10002810        0x0
 .vfp11_veneer  0x10002810        0x0 linker stubs

.v4_bx          0x10002810        0x0
 .v4_bx         0x10002810        0x0 linker stubs

.iplt           0x10002810        0x0
 .iplt          0x10002810        0x0 C:/Users/iago/.pico-sdk/toolchain/13_3_Rel1/bin/../lib/gcc/arm-none-eabi/13.3.1/thumb/v6-m/nofp/crtbegin.o

.rodata         0x10002810      0x14c
 *(EXCLUDE_FILE(*libm.a: *libc.a:*lib_a-mem*.o *libgcc.a:) .rodata*)
 .rodata.ws2812_program
                0x10002810        0x8 CMakeFiles/ws2812.dir/ws2812.c.obj
 .rodata.ws2812_program_instructions
                0x10002818        0x8 CMakeFiles/ws2812.dir/ws2812.c.obj
 .rodata.panic.str1.4
                0x10002820       0xc8 CMakeFiles/ws2812.dir/C_/Users/iago/.pico-sdk/sdk/2.1.0/src/rp2_common/pico_platform_panic/panic.c.obj
                                 0x12 (size before relaxing)
 .rodata.timer_hardware_alarm_claim.str1.4
                0x100028e8       0x22 CMakeFiles/ws2812.dir/C_/Users/iago/.pico-sdk/sdk/2.1.0/src/rp2_common/hardware_timer/timer.c.obj
 .rodata.hard_assertion_failure.str1.4
                0x100028e8        0xc CMakeFiles/ws2812.dir/C_/Users/iago/.pico-sdk/sdk/2.1.0/src/rp2_common/pico_runtime/runtime.c.obj
 .rodata.missing_double_func_shim.str1.4
                0x100028e8       0x18 CMakeFiles/ws2812.dir/C_/Users/iago/.pico-sdk/sdk/2.1.0/src/rp2_common/pico_double/double_init_rom_rp2040.c.obj
 .rodata.missing_float_func_shim.str1.4
                0x100028e8        0x1 CMakeFiles/ws2812.dir/C_/Users/iago/.pico-sdk/sdk/2.1.0/src/rp2_common/pico_float/float_init_rom_rp2040.c.obj
 .rodata.str1.4
                0x100028e8       0x3c CMakeFiles/ws2812.dir/C_/Users/iago/.pico-sdk/sdk/2.1.0/src/rp2_common/pico_standard_binary_info/standard_binary_info.c.obj
 .rodata.__bi_84
                0x100028e8        0xc CMakeFiles/ws2812.dir/C_/Users/iago/.pico-sdk/sdk/2.1.0/src/rp2_common/pico_standard_binary_info/standard_binary_info.c.obj
 .rodata.__bi_78
                0x100028f4        0xc CMakeFiles/ws2812.dir/C_/Users/iago/.pico-sdk/sdk/2.1.0/src/rp2_common/pico_standard_binary_info/standard_binary_info.c.obj
 .rodata.__bi_54
                0x10002900        0xc CMakeFiles/ws2812.dir/C_/Users/iago/.pico-sdk/sdk/2.1.0/src/rp2_common/pico_standard_binary_info/standard_binary_info.c.obj
 .rodata.__bi_48
                0x1000290c        0xc CMakeFiles/ws2812.dir/C_/Users/iago/.pico-sdk/sdk/2.1.0/src/rp2_common/pico_standard_binary_info/standard_binary_info.c.obj
 .rodata.__bi_42
                0x10002918        0xc CMakeFiles/ws2812.dir/C_/Users/iago/.pico-sdk/sdk/2.1.0/src/rp2_common/pico_standard_binary_info/standard_binary_info.c.obj
 .rodata.__bi_34
                0x10002924        0xc CMakeFiles/ws2812.dir/C_/Users/iago/.pico-sdk/sdk/2.1.0/src/rp2_common/pico_standard_binary_info/standard_binary_info.c.obj
 .rodata.__bi_26
                0x10002930        0xc CMakeFiles/ws2812.dir/C_/Users/iago/.pico-sdk/sdk/2.1.0/src/rp2_common/pico_standard_binary_info/standard_binary_info.c.obj
 .rodata.crlf_str.0
                0x1000293c        0x2 CMakeFiles/ws2812.dir/C_/Users/iago/.pico-sdk/sdk/2.1.0/src/rp2_common/pico_stdio/stdio.c.obj
 .rodata.str1.4
                0x1000293e       0x2c CMakeFiles/ws2812.dir/C_/Users/iago/.pico-sdk/sdk/2.1.0/src/rp2_common/pico_stdio_uart/stdio_uart.c.obj
 *fill*         0x1000293e        0x2 
 .rodata.__bi_45.4
                0x10002940        0xc CMakeFiles/ws2812.dir/C_/Users/iago/.pico-sdk/sdk/2.1.0/src/rp2_common/pico_stdio_uart/stdio_uart.c.obj
 .rodata.__bi_49.5
                0x1000294c        0x8 CMakeFiles/ws2812.dir/C_/Users/iago/.pico-sdk/sdk/2.1.0/src/rp2_common/pico_stdio_uart/stdio_uart.c.obj
 .rodata.__bi_50.6
                0x10002954        0x8 CMakeFiles/ws2812.dir/C_/Users/iago/.pico-sdk/sdk/2.1.0/src/rp2_common/pico_stdio_uart/stdio_uart.c.obj
                0x1000295c                        . = ALIGN (0x4)
 *(SORT_BY_ALIGNMENT(SORT_BY_NAME(.flashdata*)))
                0x1000295c                        . = ALIGN (0x4)

.ARM.extab
 *(.ARM.extab* .gnu.linkonce.armextab.*)
                0x1000295c                        __exidx_start = .

.ARM.exidx
 *(.ARM.exidx* .gnu.linkonce.armexidx.*)
                0x1000295c                        __exidx_end = .
                0x1000295c                        . = ALIGN (0x4)
                0x1000295c                        __binary_info_start = .

.binary_info    0x1000295c       0x28
 *(.binary_info.keep.*)
 .binary_info.keep.__bi_ptr84
                0x1000295c        0x4 CMakeFiles/ws2812.dir/C_/Users/iago/.pico-sdk/sdk/2.1.0/src/rp2_common/pico_standard_binary_info/standard_binary_info.c.obj
 .binary_info.keep.__bi_ptr78
                0x10002960        0x4 CMakeFiles/ws2812.dir/C_/Users/iago/.pico-sdk/sdk/2.1.0/src/rp2_common/pico_standard_binary_info/standard_binary_info.c.obj
 .binary_info.keep.__bi_ptr54
                0x10002964        0x4 CMakeFiles/ws2812.dir/C_/Users/iago/.pico-sdk/sdk/2.1.0/src/rp2_common/pico_standard_binary_info/standard_binary_info.c.obj
 .binary_info.keep.__bi_ptr48
                0x10002968        0x4 CMakeFiles/ws2812.dir/C_/Users/iago/.pico-sdk/sdk/2.1.0/src/rp2_common/pico_standard_binary_info/standard_binary_info.c.obj
 .binary_info.keep.__bi_ptr42
                0x1000296c        0x4 CMakeFiles/ws2812.dir/C_/Users/iago/.pico-sdk/sdk/2.1.0/src/rp2_common/pico_standard_binary_info/standard_binary_info.c.obj
 .binary_info.keep.__bi_ptr34
                0x10002970        0x4 CMakeFiles/ws2812.dir/C_/Users/iago/.pico-sdk/sdk/2.1.0/src/rp2_common/pico_standard_binary_info/standard_binary_info.c.obj
 .binary_info.keep.__bi_ptr26
                0x10002974        0x4 CMakeFiles/ws2812.dir/C_/Users/iago/.pico-sdk/sdk/2.1.0/src/rp2_common/pico_standard_binary_info/standard_binary_info.c.obj
 *(.binary_info.*)
 .binary_info.__bi_ptr50
                0x10002978        0x4 CMakeFiles/ws2812.dir/C_/Users/iago/.pico-sdk/sdk/2.1.0/src/rp2_common/pico_stdio_uart/stdio_uart.c.obj
 .binary_info.__bi_ptr49
                0x1000297c        0x4 CMakeFiles/ws2812.dir/C_/Users/iago/.pico-sdk/sdk/2.1.0/src/rp2_common/pico_stdio_uart/stdio_uart.c.obj
 .binary_info.__bi_ptr45
                0x10002980        0x4 CMakeFiles/ws2812.dir/C_/Users/iago/.pico-sdk/sdk/2.1.0/src/rp2_common/pico_stdio_uart/stdio_uart.c.obj
                0x10002984                        __binary_info_end = .

.rel.dyn        0x10002984        0x0
 .rel.iplt      0x10002984        0x0 C:/Users/iago/.pico-sdk/toolchain/13_3_Rel1/bin/../lib/gcc/arm-none-eabi/13.3.1/thumb/v6-m/nofp/crtbegin.o
                0x10002984                        . = ALIGN (0x4)

.ram_vector_table
                0x20000000       0xc0
 *(.ram_vector_table)
 .ram_vector_table
                0x20000000       0xc0 CMakeFiles/ws2812.dir/C_/Users/iago/.pico-sdk/sdk/2.1.0/src/rp2_common/pico_runtime_init/runtime_init.c.obj
                0x20000000                ram_vector_table

.uninitialized_data
                0x200000c0        0x0
                0x200000c0                        . = ALIGN (0x4)
 *(.uninitialized_data*)

.data           0x200000c0      0x570 load address 0x10002984
                0x200000c0                        __data_start__ = .
 *(vtable)
 *(.time_critical*)
 .time_critical.mutex_try_enter_block_until
                0x200000c0       0x9c CMakeFiles/ws2812.dir/C_/Users/iago/.pico-sdk/sdk/2.1.0/src/common/pico_sync/mutex.c.obj
                0x200000c0                mutex_try_enter_block_until
 .time_critical.mutex_exit
                0x2000015c       0x28 CMakeFiles/ws2812.dir/C_/Users/iago/.pico-sdk/sdk/2.1.0/src/common/pico_sync/mutex.c.obj
                0x2000015c                mutex_exit
 *(.text*)
 .text          0x20000184        0x4 C:/Users/iago/.pico-sdk/toolchain/13_3_Rel1/bin/../lib/gcc/arm-none-eabi/13.3.1/thumb/v6-m/nofp\libgcc.a(_dvmd_tls.o)
                0x20000184                __aeabi_idiv0
                0x20000184                __aeabi_ldiv0
 .text.__stub   0x20000188       0x10 linker stubs
                0x20000198                        . = ALIGN (0x4)
 *(.rodata*)
                0x20000198                        . = ALIGN (0x4)
 *(.data*)
 .data.matriz_numerica
                0x20000198      0x3e8 CMakeFiles/ws2812.dir/ws2812.c.obj
                0x20000198                matriz_numerica
 .data.controlador_pio
                0x20000580        0x4 CMakeFiles/ws2812.dir/ws2812.c.obj
                0x20000580                controlador_pio
 .data.striped_spin_lock_num
                0x20000584        0x1 CMakeFiles/ws2812.dir/C_/Users/iago/.pico-sdk/sdk/2.1.0/src/rp2_common/hardware_sync/sync.c.obj
 *fill*         0x20000585        0x3 
 .data          0x20000588       0x48 CMakeFiles/ws2812.dir/C_/Users/iago/.pico-sdk/sdk/2.1.0/src/rp2_common/hardware_irq/irq_handler_chain.S.obj
                0x20000588                irq_handler_chain_slots
                0x200005b8                irq_handler_chain_first_slot
                0x200005c2                irq_handler_chain_remove_tail
 .data.default_alarm_pool
                0x200005d0       0x18 CMakeFiles/ws2812.dir/C_/Users/iago/.pico-sdk/sdk/2.1.0/src/common/pico_time/time.c.obj
 *fill*         0x200005e8        0x8 
 .data.aeabi_bits_funcs
                0x200005f0       0x10 CMakeFiles/ws2812.dir/C_/Users/iago/.pico-sdk/sdk/2.1.0/src/rp2_common/pico_bit_ops/bit_ops_aeabi.S.obj
                0x200005f0                aeabi_bits_funcs
                0x20000600                aeabi_bits_funcs_end
 .data.aeabi_mem_funcs
                0x20000600       0x10 CMakeFiles/ws2812.dir/C_/Users/iago/.pico-sdk/sdk/2.1.0/src/rp2_common/pico_mem_ops/mem_ops_aeabi.S.obj
                0x20000600                aeabi_mem_funcs
                0x20000610                aeabi_mem_funcs_end
 .data.stdio_uart
                0x20000610       0x18 CMakeFiles/ws2812.dir/C_/Users/iago/.pico-sdk/sdk/2.1.0/src/rp2_common/pico_stdio_uart/stdio_uart.c.obj
                0x20000610                stdio_uart
                0x20000628                        . = ALIGN (0x4)
 *(.after_data.*)
                0x20000628                        . = ALIGN (0x4)
                0x20000628                        PROVIDE (__mutex_array_start = .)
 *(SORT_BY_NAME(.mutex_array.*))
 *(.mutex_array)
 .mutex_array   0x20000628        0x8 CMakeFiles/ws2812.dir/C_/Users/iago/.pico-sdk/sdk/2.1.0/src/rp2_common/pico_stdio/stdio.c.obj
                0x20000630                        PROVIDE (__mutex_array_end = .)
                0x20000630                        . = ALIGN (0x4)
 *(.jcr)
                0x20000630                        . = ALIGN (0x4)

.tm_clone_table
                0x20000630        0x0 load address 0x10002ef4
 .tm_clone_table
                0x20000630        0x0 C:/Users/iago/.pico-sdk/toolchain/13_3_Rel1/bin/../lib/gcc/arm-none-eabi/13.3.1/thumb/v6-m/nofp/crtbegin.o
 .tm_clone_table
                0x20000630        0x0 C:/Users/iago/.pico-sdk/toolchain/13_3_Rel1/bin/../lib/gcc/arm-none-eabi/13.3.1/thumb/v6-m/nofp/crtend.o

.igot.plt       0x20000630        0x0 load address 0x10002ef4
 .igot.plt      0x20000630        0x0 C:/Users/iago/.pico-sdk/toolchain/13_3_Rel1/bin/../lib/gcc/arm-none-eabi/13.3.1/thumb/v6-m/nofp/crtbegin.o

.tdata          0x20000630        0x0 load address 0x10002ef4
                0x20000630                        . = ALIGN (0x4)
 *(.tdata .tdata.* .gnu.linkonce.td.*)
                0x20000630                        __tdata_end = .
                0x20000630                        PROVIDE (__data_end__ = .)
                0x10002984                        __etext = LOADADDR (.data)

.tbss           0x20000630        0x0 load address 0x10002ef4
                0x20000630                        . = ALIGN (0x4)
                0x20000630                        __bss_start__ = .
                0x20000630                        __tls_base = .
 *(.tbss .tbss.* .gnu.linkonce.tb.*)
 *(.tcommon)
                0x20000630                        __tls_end = .

.bss            0x20000630      0x488 load address 0x10002ef4
                0x20000630                        . = ALIGN (0x4)
                0x20000630                        __tbss_end = .
 *(SORT_BY_ALIGNMENT(SORT_BY_NAME(.bss*)))
 .bss.default_alarm_pool_entries
                0x20000630      0x180 CMakeFiles/ws2812.dir/C_/Users/iago/.pico-sdk/sdk/2.1.0/src/common/pico_time/time.c.obj
 .bss.sd_table  0x200007b0      0x100 CMakeFiles/ws2812.dir/C_/Users/iago/.pico-sdk/sdk/2.1.0/src/rp2_common/pico_double/double_init_rom_rp2040.c.obj
                0x200007b0                sd_table
 .bss._used_instruction_space
                0x200008b0        0x8 CMakeFiles/ws2812.dir/C_/Users/iago/.pico-sdk/sdk/2.1.0/src/rp2_common/hardware_pio/pio.c.obj
 .bss.buffer_led
                0x200008b8       0x64 CMakeFiles/ws2812.dir/ws2812.c.obj
                0x200008b8                buffer_led
 .bss.callbacks
                0x2000091c        0x8 CMakeFiles/ws2812.dir/C_/Users/iago/.pico-sdk/sdk/2.1.0/src/rp2_common/hardware_gpio/gpio.c.obj
 .bss.chars_available_callback
                0x20000924        0x4 CMakeFiles/ws2812.dir/C_/Users/iago/.pico-sdk/sdk/2.1.0/src/rp2_common/pico_stdio_uart/stdio_uart.c.obj
 .bss.chars_available_param
                0x20000928        0x4 CMakeFiles/ws2812.dir/C_/Users/iago/.pico-sdk/sdk/2.1.0/src/rp2_common/pico_stdio_uart/stdio_uart.c.obj
 .bss.claimed   0x2000092c        0x1 CMakeFiles/ws2812.dir/C_/Users/iago/.pico-sdk/sdk/2.1.0/src/rp2_common/hardware_timer/timer.c.obj
 *fill*         0x2000092d        0x3 
 .bss.configured_freq
                0x20000930       0x28 CMakeFiles/ws2812.dir/C_/Users/iago/.pico-sdk/sdk/2.1.0/src/rp2_common/hardware_clocks/clocks.c.obj
 .bss.drivers   0x20000958        0x4 CMakeFiles/ws2812.dir/C_/Users/iago/.pico-sdk/sdk/2.1.0/src/rp2_common/pico_stdio/stdio.c.obj
 .bss.estado_maquina
                0x2000095c        0x4 CMakeFiles/ws2812.dir/ws2812.c.obj
                0x2000095c                estado_maquina
 .bss.filter    0x20000960        0x4 CMakeFiles/ws2812.dir/C_/Users/iago/.pico-sdk/sdk/2.1.0/src/rp2_common/pico_stdio/stdio.c.obj
 .bss.lazy_vsnprintf
                0x20000964        0x4 CMakeFiles/ws2812.dir/C_/Users/iago/.pico-sdk/sdk/2.1.0/src/rp2_common/pico_printf/printf.c.obj
 .bss.numero_atual
                0x20000968        0x4 CMakeFiles/ws2812.dir/ws2812.c.obj
 .bss.object.0  0x2000096c       0x18 C:/Users/iago/.pico-sdk/toolchain/13_3_Rel1/bin/../lib/gcc/arm-none-eabi/13.3.1/thumb/v6-m/nofp/crtbegin.o
 .bss.pools     0x20000984       0x10 CMakeFiles/ws2812.dir/C_/Users/iago/.pico-sdk/sdk/2.1.0/src/common/pico_time/time.c.obj
 .bss.raw_irq_mask
                0x20000994        0x8 CMakeFiles/ws2812.dir/C_/Users/iago/.pico-sdk/sdk/2.1.0/src/rp2_common/hardware_gpio/gpio.c.obj
 .bss.sf_clz_func
                0x2000099c        0x4 CMakeFiles/ws2812.dir/C_/Users/iago/.pico-sdk/sdk/2.1.0/src/rp2_common/pico_double/double_init_rom_rp2040.c.obj
                0x2000099c                sf_clz_func
 .bss.sf_table  0x200009a0      0x100 CMakeFiles/ws2812.dir/C_/Users/iago/.pico-sdk/sdk/2.1.0/src/rp2_common/pico_float/float_init_rom_rp2040.c.obj
                0x200009a0                sf_table
 .bss.sleep_notifier
                0x20000aa0        0x4 CMakeFiles/ws2812.dir/C_/Users/iago/.pico-sdk/sdk/2.1.0/src/common/pico_time/time.c.obj
 .bss.uart_char_to_line_feed
                0x20000aa4        0x4 CMakeFiles/ws2812.dir/C_/Users/iago/.pico-sdk/sdk/2.1.0/src/rp2_common/hardware_uart/uart.c.obj
                0x20000aa4                uart_char_to_line_feed
 .bss.uart_instance
                0x20000aa8        0x4 CMakeFiles/ws2812.dir/C_/Users/iago/.pico-sdk/sdk/2.1.0/src/rp2_common/pico_stdio_uart/stdio_uart.c.obj
 .bss.ultimo_tempo_1
                0x20000aac        0x4 CMakeFiles/ws2812.dir/ws2812.c.obj
 .bss.ultimo_tempo_2
                0x20000ab0        0x4 CMakeFiles/ws2812.dir/ws2812.c.obj
 .bss.irq_handler_chain_free_slot_head
                0x20000ab4        0x1 CMakeFiles/ws2812.dir/C_/Users/iago/.pico-sdk/sdk/2.1.0/src/rp2_common/hardware_irq/irq.c.obj
 *(COMMON)
                0x20000ab8                        . = ALIGN (0x4)
 *fill*         0x20000ab5        0x3 
                0x20000ab8                        __bss_end__ = .

.heap           0x20000ab8      0x800 load address 0x10002ef4
                0x20000ab8                        __end__ = .
                0x20000ab8                        end = __end__
 *(.heap*)
 .heap          0x20000ab8      0x800 CMakeFiles/ws2812.dir/C_/Users/iago/.pico-sdk/sdk/2.1.0/src/rp2_common/pico_crt0/crt0.S.obj
                0x20040000                        __HeapLimit = (ORIGIN (RAM) + LENGTH (RAM))

.scratch_x      0x20040000        0x0 load address 0x10002ef4
                0x20040000                        __scratch_x_start__ = .
 *(.scratch_x.*)
                0x20040000                        . = ALIGN (0x4)
                0x20040000                        __scratch_x_end__ = .
                0x10002ef4                        __scratch_x_source__ = LOADADDR (.scratch_x)

.scratch_y      0x20041000        0x0 load address 0x10002ef4
                0x20041000                        __scratch_y_start__ = .
 *(.scratch_y.*)
                0x20041000                        . = ALIGN (0x4)
                0x20041000                        __scratch_y_end__ = .
                0x10002ef4                        __scratch_y_source__ = LOADADDR (.scratch_y)

.stack1_dummy
 *(.stack1*)

.stack_dummy    0x20041000      0x800
 *(.stack*)
 .stack         0x20041000      0x800 CMakeFiles/ws2812.dir/C_/Users/iago/.pico-sdk/sdk/2.1.0/src/rp2_common/pico_crt0/crt0.S.obj

.flash_end      0x10002ef4        0x0
 *(.embedded_end_block*)
                0x10002ef4                        PROVIDE (__flash_binary_end = .)
                0x20040000                        __StackLimit = (ORIGIN (RAM) + LENGTH (RAM))
                0x20041000                        __StackOneTop = (ORIGIN (SCRATCH_X) + LENGTH (SCRATCH_X))
                0x20042000                        __StackTop = (ORIGIN (SCRATCH_Y) + LENGTH (SCRATCH_Y))
                0x20041000                        __StackOneBottom = (__StackOneTop - SIZEOF (.stack1_dummy))
                0x20041800                        __StackBottom = (__StackTop - SIZEOF (.stack_dummy))
                0x20042000                        PROVIDE (__stack = __StackTop)
                [!provide]                        PROVIDE (__heap_start = __end__)
                [!provide]                        PROVIDE (__heap_end = __HeapLimit)
                [!provide]                        PROVIDE (__tls_align = MAX (ALIGNOF (.tdata), ALIGNOF (.tbss)))
                [!provide]                        PROVIDE (__tls_size_align = (((__tls_size + __tls_align) - 0x1) & ~ ((__tls_align - 0x1))))
                [!provide]                        PROVIDE (__arm32_tls_tcb_offset = MAX (0x8, __tls_align))
                [!provide]                        PROVIDE (_end = __end__)
                [!provide]                        PROVIDE (__llvm_libc_heap_limit = __HeapLimit)
                0x00000001                        ASSERT ((__StackLimit >= __HeapLimit), region RAM overflowed)
                0x00000001                        ASSERT (((__binary_info_header_end - __logical_binary_start) <= 0x100), Binary info must be in first 256 bytes of the binary)
LOAD CMakeFiles/ws2812.dir/ws2812.c.obj
LOAD CMakeFiles/ws2812.dir/C_/Users/iago/.pico-sdk/sdk/2.1.0/src/rp2_common/pico_stdlib/stdlib.c.obj
LOAD CMakeFiles/ws2812.dir/C_/Users/iago/.pico-sdk/sdk/2.1.0/src/rp2_common/hardware_gpio/gpio.c.obj
LOAD CMakeFiles/ws2812.dir/C_/Users/iago/.pico-sdk/sdk/2.1.0/src/rp2040/pico_platform/platform.c.obj
LOAD CMakeFiles/ws2812.dir/C_/Users/iago/.pico-sdk/sdk/2.1.0/src/rp2_common/pico_platform_panic/panic.c.obj
LOAD CMakeFiles/ws2812.dir/C_/Users/iago/.pico-sdk/sdk/2.1.0/src/common/hardware_claim/claim.c.obj
LOAD CMakeFiles/ws2812.dir/C_/Users/iago/.pico-sdk/sdk/2.1.0/src/rp2_common/hardware_sync/sync.c.obj
LOAD CMakeFiles/ws2812.dir/C_/Users/iago/.pico-sdk/sdk/2.1.0/src/rp2_common/hardware_sync_spin_lock/sync_spin_lock.c.obj
LOAD CMakeFiles/ws2812.dir/C_/Users/iago/.pico-sdk/sdk/2.1.0/src/rp2_common/hardware_irq/irq.c.obj
LOAD CMakeFiles/ws2812.dir/C_/Users/iago/.pico-sdk/sdk/2.1.0/src/rp2_common/hardware_irq/irq_handler_chain.S.obj
LOAD CMakeFiles/ws2812.dir/C_/Users/iago/.pico-sdk/sdk/2.1.0/src/common/pico_sync/sem.c.obj
LOAD CMakeFiles/ws2812.dir/C_/Users/iago/.pico-sdk/sdk/2.1.0/src/common/pico_sync/lock_core.c.obj
LOAD CMakeFiles/ws2812.dir/C_/Users/iago/.pico-sdk/sdk/2.1.0/src/common/pico_sync/mutex.c.obj
LOAD CMakeFiles/ws2812.dir/C_/Users/iago/.pico-sdk/sdk/2.1.0/src/common/pico_sync/critical_section.c.obj
LOAD CMakeFiles/ws2812.dir/C_/Users/iago/.pico-sdk/sdk/2.1.0/src/common/pico_time/time.c.obj
LOAD CMakeFiles/ws2812.dir/C_/Users/iago/.pico-sdk/sdk/2.1.0/src/common/pico_time/timeout_helper.c.obj
LOAD CMakeFiles/ws2812.dir/C_/Users/iago/.pico-sdk/sdk/2.1.0/src/rp2_common/hardware_timer/timer.c.obj
LOAD CMakeFiles/ws2812.dir/C_/Users/iago/.pico-sdk/sdk/2.1.0/src/common/pico_util/datetime.c.obj
LOAD CMakeFiles/ws2812.dir/C_/Users/iago/.pico-sdk/sdk/2.1.0/src/common/pico_util/pheap.c.obj
LOAD CMakeFiles/ws2812.dir/C_/Users/iago/.pico-sdk/sdk/2.1.0/src/common/pico_util/queue.c.obj
LOAD CMakeFiles/ws2812.dir/C_/Users/iago/.pico-sdk/sdk/2.1.0/src/rp2_common/hardware_uart/uart.c.obj
LOAD CMakeFiles/ws2812.dir/C_/Users/iago/.pico-sdk/sdk/2.1.0/src/rp2_common/hardware_clocks/clocks.c.obj
LOAD CMakeFiles/ws2812.dir/C_/Users/iago/.pico-sdk/sdk/2.1.0/src/rp2_common/hardware_pll/pll.c.obj
LOAD CMakeFiles/ws2812.dir/C_/Users/iago/.pico-sdk/sdk/2.1.0/src/rp2_common/hardware_vreg/vreg.c.obj
LOAD CMakeFiles/ws2812.dir/C_/Users/iago/.pico-sdk/sdk/2.1.0/src/rp2_common/hardware_watchdog/watchdog.c.obj
LOAD CMakeFiles/ws2812.dir/C_/Users/iago/.pico-sdk/sdk/2.1.0/src/rp2_common/hardware_ticks/ticks.c.obj
LOAD CMakeFiles/ws2812.dir/C_/Users/iago/.pico-sdk/sdk/2.1.0/src/rp2_common/pico_bootrom/bootrom.c.obj
LOAD CMakeFiles/ws2812.dir/C_/Users/iago/.pico-sdk/sdk/2.1.0/src/rp2_common/pico_bootrom/bootrom_lock.c.obj
LOAD CMakeFiles/ws2812.dir/C_/Users/iago/.pico-sdk/sdk/2.1.0/src/rp2_common/hardware_boot_lock/boot_lock.c.obj
LOAD CMakeFiles/ws2812.dir/C_/Users/iago/.pico-sdk/sdk/2.1.0/src/rp2_common/pico_flash/flash.c.obj
LOAD CMakeFiles/ws2812.dir/C_/Users/iago/.pico-sdk/sdk/2.1.0/src/rp2_common/hardware_xosc/xosc.c.obj
LOAD CMakeFiles/ws2812.dir/C_/Users/iago/.pico-sdk/sdk/2.1.0/src/rp2_common/hardware_divider/divider.S.obj
LOAD CMakeFiles/ws2812.dir/C_/Users/iago/.pico-sdk/sdk/2.1.0/src/rp2_common/pico_runtime/runtime.c.obj
LOAD CMakeFiles/ws2812.dir/C_/Users/iago/.pico-sdk/sdk/2.1.0/src/rp2_common/pico_runtime_init/runtime_init.c.obj
LOAD CMakeFiles/ws2812.dir/C_/Users/iago/.pico-sdk/sdk/2.1.0/src/rp2_common/pico_runtime_init/runtime_init_clocks.c.obj
LOAD CMakeFiles/ws2812.dir/C_/Users/iago/.pico-sdk/sdk/2.1.0/src/rp2_common/pico_runtime_init/runtime_init_stack_guard.c.obj
LOAD CMakeFiles/ws2812.dir/C_/Users/iago/.pico-sdk/sdk/2.1.0/src/rp2_common/pico_bit_ops/bit_ops_aeabi.S.obj
LOAD CMakeFiles/ws2812.dir/C_/Users/iago/.pico-sdk/sdk/2.1.0/src/rp2_common/pico_divider/divider_hardware.S.obj
LOAD CMakeFiles/ws2812.dir/C_/Users/iago/.pico-sdk/sdk/2.1.0/src/rp2_common/pico_double/double_aeabi_rp2040.S.obj
LOAD CMakeFiles/ws2812.dir/C_/Users/iago/.pico-sdk/sdk/2.1.0/src/rp2_common/pico_double/double_init_rom_rp2040.c.obj
LOAD CMakeFiles/ws2812.dir/C_/Users/iago/.pico-sdk/sdk/2.1.0/src/rp2_common/pico_double/double_math.c.obj
LOAD CMakeFiles/ws2812.dir/C_/Users/iago/.pico-sdk/sdk/2.1.0/src/rp2_common/pico_double/double_v1_rom_shim_rp2040.S.obj
LOAD CMakeFiles/ws2812.dir/C_/Users/iago/.pico-sdk/sdk/2.1.0/src/rp2_common/pico_int64_ops/pico_int64_ops_aeabi.S.obj
LOAD CMakeFiles/ws2812.dir/C_/Users/iago/.pico-sdk/sdk/2.1.0/src/rp2_common/pico_float/float_aeabi_rp2040.S.obj
LOAD CMakeFiles/ws2812.dir/C_/Users/iago/.pico-sdk/sdk/2.1.0/src/rp2_common/pico_float/float_init_rom_rp2040.c.obj
LOAD CMakeFiles/ws2812.dir/C_/Users/iago/.pico-sdk/sdk/2.1.0/src/rp2_common/pico_float/float_math.c.obj
LOAD CMakeFiles/ws2812.dir/C_/Users/iago/.pico-sdk/sdk/2.1.0/src/rp2_common/pico_float/float_v1_rom_shim_rp2040.S.obj
LOAD CMakeFiles/ws2812.dir/C_/Users/iago/.pico-sdk/sdk/2.1.0/src/rp2_common/pico_malloc/malloc.c.obj
LOAD CMakeFiles/ws2812.dir/C_/Users/iago/.pico-sdk/sdk/2.1.0/src/rp2_common/pico_mem_ops/mem_ops_aeabi.S.obj
LOAD CMakeFiles/ws2812.dir/C_/Users/iago/.pico-sdk/sdk/2.1.0/src/rp2_common/pico_atomic/atomic.c.obj
LOAD CMakeFiles/ws2812.dir/C_/Users/iago/.pico-sdk/sdk/2.1.0/src/rp2_common/pico_cxx_options/new_delete.cpp.obj
LOAD CMakeFiles/ws2812.dir/C_/Users/iago/.pico-sdk/sdk/2.1.0/src/rp2_common/pico_standard_binary_info/standard_binary_info.c.obj
LOAD CMakeFiles/ws2812.dir/C_/Users/iago/.pico-sdk/sdk/2.1.0/src/rp2_common/pico_printf/printf.c.obj
LOAD CMakeFiles/ws2812.dir/C_/Users/iago/.pico-sdk/sdk/2.1.0/src/rp2_common/pico_crt0/crt0.S.obj
LOAD CMakeFiles/ws2812.dir/C_/Users/iago/.pico-sdk/sdk/2.1.0/src/rp2_common/pico_clib_interface/newlib_interface.c.obj
LOAD CMakeFiles/ws2812.dir/C_/Users/iago/.pico-sdk/sdk/2.1.0/src/rp2_common/pico_stdio/stdio.c.obj
LOAD CMakeFiles/ws2812.dir/C_/Users/iago/.pico-sdk/sdk/2.1.0/src/rp2_common/pico_stdio_uart/stdio_uart.c.obj
LOAD CMakeFiles/ws2812.dir/C_/Users/iago/.pico-sdk/sdk/2.1.0/src/rp2_common/hardware_pio/pio.c.obj
LOAD pico-sdk/src/rp2040/boot_stage2/CMakeFiles/bs2_default_library.dir/./bs2_default_padded_checksummed.S.obj
LOAD C:/Users/iago/.pico-sdk/toolchain/13_3_Rel1/bin/../lib/gcc/arm-none-eabi/13.3.1/thumb/v6-m/nofp\libstdc++.a
LOAD C:/Users/iago/.pico-sdk/toolchain/13_3_Rel1/bin/../lib/gcc/arm-none-eabi/13.3.1/thumb/v6-m/nofp\libm.a
START GROUP
LOAD C:/Users/iago/.pico-sdk/toolchain/13_3_Rel1/bin/../lib/gcc/arm-none-eabi/13.3.1/thumb/v6-m/nofp\libgcc.a
LOAD C:/Users/iago/.pico-sdk/toolchain/13_3_Rel1/bin/../lib/gcc/arm-none-eabi/13.3.1/thumb/v6-m/nofp\libg.a
LOAD C:/Users/iago/.pico-sdk/toolchain/13_3_Rel1/bin/../lib/gcc/arm-none-eabi/13.3.1/thumb/v6-m/nofp\libc.a
END GROUP
START GROUP
LOAD C:/Users/iago/.pico-sdk/toolchain/13_3_Rel1/bin/../lib/gcc/arm-none-eabi/13.3.1/thumb/v6-m/nofp\libgcc.a
LOAD C:/Users/iago/.pico-sdk/toolchain/13_3_Rel1/bin/../lib/gcc/arm-none-eabi/13.3.1/thumb/v6-m/nofp\libc.a
LOAD C:/Users/iago/.pico-sdk/toolchain/13_3_Rel1/bin/../lib/gcc/arm-none-eabi/13.3.1/thumb/v6-m/nofp\libnosys.a
END GROUP
LOAD C:/Users/iago/.pico-sdk/toolchain/13_3_Rel1/bin/../lib/gcc/arm-none-eabi/13.3.1/thumb/v6-m/nofp/crtend.o
LOAD C:/Users/iago/.pico-sdk/toolchain/13_3_Rel1/bin/../lib/gcc/arm-none-eabi/13.3.1/thumb/v6-m/nofp/crtn.o
OUTPUT(ws2812.elf elf32-littlearm)
LOAD linker stubs

.ARM.attributes
                0x00000000       0x28
 .ARM.attributes
                0x00000000       0x1e C:/Users/iago/.pico-sdk/toolchain/13_3_Rel1/bin/../lib/gcc/arm-none-eabi/13.3.1/thumb/v6-m/nofp/crti.o
 .ARM.attributes
                0x0000001e       0x2c C:/Users/iago/.pico-sdk/toolchain/13_3_Rel1/bin/../lib/gcc/arm-none-eabi/13.3.1/thumb/v6-m/nofp/crtbegin.o
 .ARM.attributes
                0x0000004a       0x2c CMakeFiles/ws2812.dir/ws2812.c.obj
 .ARM.attributes
                0x00000076       0x2c CMakeFiles/ws2812.dir/C_/Users/iago/.pico-sdk/sdk/2.1.0/src/rp2_common/hardware_gpio/gpio.c.obj
 .ARM.attributes
                0x000000a2       0x2c CMakeFiles/ws2812.dir/C_/Users/iago/.pico-sdk/sdk/2.1.0/src/rp2_common/pico_platform_panic/panic.c.obj
 .ARM.attributes
                0x000000ce       0x2c CMakeFiles/ws2812.dir/C_/Users/iago/.pico-sdk/sdk/2.1.0/src/common/hardware_claim/claim.c.obj
 .ARM.attributes
                0x000000fa       0x2c CMakeFiles/ws2812.dir/C_/Users/iago/.pico-sdk/sdk/2.1.0/src/rp2_common/hardware_sync/sync.c.obj
 .ARM.attributes
                0x00000126       0x2c CMakeFiles/ws2812.dir/C_/Users/iago/.pico-sdk/sdk/2.1.0/src/rp2_common/hardware_sync_spin_lock/sync_spin_lock.c.obj
 .ARM.attributes
                0x00000152       0x2c CMakeFiles/ws2812.dir/C_/Users/iago/.pico-sdk/sdk/2.1.0/src/rp2_common/hardware_irq/irq.c.obj
 .ARM.attributes
                0x0000017e       0x22 CMakeFiles/ws2812.dir/C_/Users/iago/.pico-sdk/sdk/2.1.0/src/rp2_common/hardware_irq/irq_handler_chain.S.obj
 .ARM.attributes
                0x000001a0       0x2c CMakeFiles/ws2812.dir/C_/Users/iago/.pico-sdk/sdk/2.1.0/src/common/pico_sync/lock_core.c.obj
 .ARM.attributes
                0x000001cc       0x2c CMakeFiles/ws2812.dir/C_/Users/iago/.pico-sdk/sdk/2.1.0/src/common/pico_sync/mutex.c.obj
 .ARM.attributes
                0x000001f8       0x2c CMakeFiles/ws2812.dir/C_/Users/iago/.pico-sdk/sdk/2.1.0/src/common/pico_time/time.c.obj
 .ARM.attributes
                0x00000224       0x2c CMakeFiles/ws2812.dir/C_/Users/iago/.pico-sdk/sdk/2.1.0/src/rp2_common/hardware_timer/timer.c.obj
 .ARM.attributes
                0x00000250       0x2c CMakeFiles/ws2812.dir/C_/Users/iago/.pico-sdk/sdk/2.1.0/src/rp2_common/hardware_uart/uart.c.obj
 .ARM.attributes
                0x0000027c       0x2c CMakeFiles/ws2812.dir/C_/Users/iago/.pico-sdk/sdk/2.1.0/src/rp2_common/hardware_clocks/clocks.c.obj
 .ARM.attributes
                0x000002a8       0x2c CMakeFiles/ws2812.dir/C_/Users/iago/.pico-sdk/sdk/2.1.0/src/rp2_common/hardware_pll/pll.c.obj
 .ARM.attributes
                0x000002d4       0x2c CMakeFiles/ws2812.dir/C_/Users/iago/.pico-sdk/sdk/2.1.0/src/rp2_common/hardware_ticks/ticks.c.obj
 .ARM.attributes
                0x00000300       0x2c CMakeFiles/ws2812.dir/C_/Users/iago/.pico-sdk/sdk/2.1.0/src/rp2_common/pico_bootrom/bootrom.c.obj
 .ARM.attributes
                0x0000032c       0x2c CMakeFiles/ws2812.dir/C_/Users/iago/.pico-sdk/sdk/2.1.0/src/rp2_common/hardware_xosc/xosc.c.obj
 .ARM.attributes
                0x00000358       0x2c CMakeFiles/ws2812.dir/C_/Users/iago/.pico-sdk/sdk/2.1.0/src/rp2_common/pico_runtime/runtime.c.obj
 .ARM.attributes
                0x00000384       0x2c CMakeFiles/ws2812.dir/C_/Users/iago/.pico-sdk/sdk/2.1.0/src/rp2_common/pico_runtime_init/runtime_init.c.obj
 .ARM.attributes
                0x000003b0       0x2c CMakeFiles/ws2812.dir/C_/Users/iago/.pico-sdk/sdk/2.1.0/src/rp2_common/pico_runtime_init/runtime_init_clocks.c.obj
 .ARM.attributes
                0x000003dc       0x22 CMakeFiles/ws2812.dir/C_/Users/iago/.pico-sdk/sdk/2.1.0/src/rp2_common/pico_bit_ops/bit_ops_aeabi.S.obj
 .ARM.attributes
                0x000003fe       0x22 CMakeFiles/ws2812.dir/C_/Users/iago/.pico-sdk/sdk/2.1.0/src/rp2_common/pico_divider/divider_hardware.S.obj
 .ARM.attributes
                0x00000420       0x22 CMakeFiles/ws2812.dir/C_/Users/iago/.pico-sdk/sdk/2.1.0/src/rp2_common/pico_double/double_aeabi_rp2040.S.obj
 .ARM.attributes
                0x00000442       0x2c CMakeFiles/ws2812.dir/C_/Users/iago/.pico-sdk/sdk/2.1.0/src/rp2_common/pico_double/double_init_rom_rp2040.c.obj
 .ARM.attributes
                0x0000046e       0x22 CMakeFiles/ws2812.dir/C_/Users/iago/.pico-sdk/sdk/2.1.0/src/rp2_common/pico_double/double_v1_rom_shim_rp2040.S.obj
 .ARM.attributes
                0x00000490       0x22 CMakeFiles/ws2812.dir/C_/Users/iago/.pico-sdk/sdk/2.1.0/src/rp2_common/pico_int64_ops/pico_int64_ops_aeabi.S.obj
 .ARM.attributes
                0x000004b2       0x22 CMakeFiles/ws2812.dir/C_/Users/iago/.pico-sdk/sdk/2.1.0/src/rp2_common/pico_float/float_aeabi_rp2040.S.obj
 .ARM.attributes
                0x000004d4       0x2c CMakeFiles/ws2812.dir/C_/Users/iago/.pico-sdk/sdk/2.1.0/src/rp2_common/pico_float/float_init_rom_rp2040.c.obj
 .ARM.attributes
                0x00000500       0x22 CMakeFiles/ws2812.dir/C_/Users/iago/.pico-sdk/sdk/2.1.0/src/rp2_common/pico_mem_ops/mem_ops_aeabi.S.obj
 .ARM.attributes
                0x00000522       0x2c CMakeFiles/ws2812.dir/C_/Users/iago/.pico-sdk/sdk/2.1.0/src/rp2_common/pico_standard_binary_info/standard_binary_info.c.obj
 .ARM.attributes
                0x0000054e       0x2c CMakeFiles/ws2812.dir/C_/Users/iago/.pico-sdk/sdk/2.1.0/src/rp2_common/pico_printf/printf.c.obj
 .ARM.attributes
                0x0000057a       0x22 CMakeFiles/ws2812.dir/C_/Users/iago/.pico-sdk/sdk/2.1.0/src/rp2_common/pico_crt0/crt0.S.obj
 .ARM.attributes
                0x0000059c       0x2c CMakeFiles/ws2812.dir/C_/Users/iago/.pico-sdk/sdk/2.1.0/src/rp2_common/pico_clib_interface/newlib_interface.c.obj
 .ARM.attributes
                0x000005c8       0x2c CMakeFiles/ws2812.dir/C_/Users/iago/.pico-sdk/sdk/2.1.0/src/rp2_common/pico_stdio/stdio.c.obj
 .ARM.attributes
                0x000005f4       0x2c CMakeFiles/ws2812.dir/C_/Users/iago/.pico-sdk/sdk/2.1.0/src/rp2_common/pico_stdio_uart/stdio_uart.c.obj
 .ARM.attributes
                0x00000620       0x2c CMakeFiles/ws2812.dir/C_/Users/iago/.pico-sdk/sdk/2.1.0/src/rp2_common/hardware_pio/pio.c.obj
 .ARM.attributes
                0x0000064c       0x22 pico-sdk/src/rp2040/boot_stage2/CMakeFiles/bs2_default_library.dir/./bs2_default_padded_checksummed.S.obj
 .ARM.attributes
                0x0000066e       0x1e C:/Users/iago/.pico-sdk/toolchain/13_3_Rel1/bin/../lib/gcc/arm-none-eabi/13.3.1/thumb/v6-m/nofp\libgcc.a(_dvmd_tls.o)
 .ARM.attributes
                0x0000068c       0x2c C:/Users/iago/.pico-sdk/toolchain/13_3_Rel1/bin/../lib/gcc/arm-none-eabi/13.3.1/thumb/v6-m/nofp\libg.a(libc_a-strlen-stub.o)
 .ARM.attributes
                0x000006b8       0x2c C:/Users/iago/.pico-sdk/toolchain/13_3_Rel1/bin/../lib/gcc/arm-none-eabi/13.3.1/thumb/v6-m/nofp/crtend.o

.comment        0x00000000       0x45
 .comment       0x00000000       0x45 CMakeFiles/ws2812.dir/ws2812.c.obj
                                 0x46 (size before relaxing)
 .comment       0x00000045       0x46 CMakeFiles/ws2812.dir/C_/Users/iago/.pico-sdk/sdk/2.1.0/src/rp2_common/hardware_gpio/gpio.c.obj
 .comment       0x00000045       0x46 CMakeFiles/ws2812.dir/C_/Users/iago/.pico-sdk/sdk/2.1.0/src/rp2_common/pico_platform_panic/panic.c.obj
 .comment       0x00000045       0x46 CMakeFiles/ws2812.dir/C_/Users/iago/.pico-sdk/sdk/2.1.0/src/common/hardware_claim/claim.c.obj
 .comment       0x00000045       0x46 CMakeFiles/ws2812.dir/C_/Users/iago/.pico-sdk/sdk/2.1.0/src/rp2_common/hardware_sync/sync.c.obj
 .comment       0x00000045       0x46 CMakeFiles/ws2812.dir/C_/Users/iago/.pico-sdk/sdk/2.1.0/src/rp2_common/hardware_sync_spin_lock/sync_spin_lock.c.obj
 .comment       0x00000045       0x46 CMakeFiles/ws2812.dir/C_/Users/iago/.pico-sdk/sdk/2.1.0/src/rp2_common/hardware_irq/irq.c.obj
 .comment       0x00000045       0x46 CMakeFiles/ws2812.dir/C_/Users/iago/.pico-sdk/sdk/2.1.0/src/common/pico_sync/lock_core.c.obj
 .comment       0x00000045       0x46 CMakeFiles/ws2812.dir/C_/Users/iago/.pico-sdk/sdk/2.1.0/src/common/pico_sync/mutex.c.obj
 .comment       0x00000045       0x46 CMakeFiles/ws2812.dir/C_/Users/iago/.pico-sdk/sdk/2.1.0/src/common/pico_time/time.c.obj
 .comment       0x00000045       0x46 CMakeFiles/ws2812.dir/C_/Users/iago/.pico-sdk/sdk/2.1.0/src/rp2_common/hardware_timer/timer.c.obj
 .comment       0x00000045       0x46 CMakeFiles/ws2812.dir/C_/Users/iago/.pico-sdk/sdk/2.1.0/src/rp2_common/hardware_uart/uart.c.obj
 .comment       0x00000045       0x46 CMakeFiles/ws2812.dir/C_/Users/iago/.pico-sdk/sdk/2.1.0/src/rp2_common/hardware_clocks/clocks.c.obj
 .comment       0x00000045       0x46 CMakeFiles/ws2812.dir/C_/Users/iago/.pico-sdk/sdk/2.1.0/src/rp2_common/hardware_pll/pll.c.obj
 .comment       0x00000045       0x46 CMakeFiles/ws2812.dir/C_/Users/iago/.pico-sdk/sdk/2.1.0/src/rp2_common/hardware_ticks/ticks.c.obj
 .comment       0x00000045       0x46 CMakeFiles/ws2812.dir/C_/Users/iago/.pico-sdk/sdk/2.1.0/src/rp2_common/pico_bootrom/bootrom.c.obj
 .comment       0x00000045       0x46 CMakeFiles/ws2812.dir/C_/Users/iago/.pico-sdk/sdk/2.1.0/src/rp2_common/hardware_xosc/xosc.c.obj
 .comment       0x00000045       0x46 CMakeFiles/ws2812.dir/C_/Users/iago/.pico-sdk/sdk/2.1.0/src/rp2_common/pico_runtime/runtime.c.obj
 .comment       0x00000045       0x46 CMakeFiles/ws2812.dir/C_/Users/iago/.pico-sdk/sdk/2.1.0/src/rp2_common/pico_runtime_init/runtime_init.c.obj
 .comment       0x00000045       0x46 CMakeFiles/ws2812.dir/C_/Users/iago/.pico-sdk/sdk/2.1.0/src/rp2_common/pico_runtime_init/runtime_init_clocks.c.obj
 .comment       0x00000045       0x46 CMakeFiles/ws2812.dir/C_/Users/iago/.pico-sdk/sdk/2.1.0/src/rp2_common/pico_double/double_init_rom_rp2040.c.obj
 .comment       0x00000045       0x46 CMakeFiles/ws2812.dir/C_/Users/iago/.pico-sdk/sdk/2.1.0/src/rp2_common/pico_float/float_init_rom_rp2040.c.obj
 .comment       0x00000045       0x46 CMakeFiles/ws2812.dir/C_/Users/iago/.pico-sdk/sdk/2.1.0/src/rp2_common/pico_standard_binary_info/standard_binary_info.c.obj
 .comment       0x00000045       0x46 CMakeFiles/ws2812.dir/C_/Users/iago/.pico-sdk/sdk/2.1.0/src/rp2_common/pico_printf/printf.c.obj
 .comment       0x00000045       0x46 CMakeFiles/ws2812.dir/C_/Users/iago/.pico-sdk/sdk/2.1.0/src/rp2_common/pico_clib_interface/newlib_interface.c.obj
 .comment       0x00000045       0x46 CMakeFiles/ws2812.dir/C_/Users/iago/.pico-sdk/sdk/2.1.0/src/rp2_common/pico_stdio/stdio.c.obj
 .comment       0x00000045       0x46 CMakeFiles/ws2812.dir/C_/Users/iago/.pico-sdk/sdk/2.1.0/src/rp2_common/pico_stdio_uart/stdio_uart.c.obj
 .comment       0x00000045       0x46 CMakeFiles/ws2812.dir/C_/Users/iago/.pico-sdk/sdk/2.1.0/src/rp2_common/hardware_pio/pio.c.obj

.debug_info     0x00000000    0x20ddd
 .debug_info    0x00000000     0x1e4f CMakeFiles/ws2812.dir/ws2812.c.obj
 .debug_info    0x00001e4f     0x2437 CMakeFiles/ws2812.dir/C_/Users/iago/.pico-sdk/sdk/2.1.0/src/rp2_common/hardware_gpio/gpio.c.obj
 .debug_info    0x00004286      0x1bf CMakeFiles/ws2812.dir/C_/Users/iago/.pico-sdk/sdk/2.1.0/src/rp2_common/pico_platform_panic/panic.c.obj
 .debug_info    0x00004445      0x995 CMakeFiles/ws2812.dir/C_/Users/iago/.pico-sdk/sdk/2.1.0/src/common/hardware_claim/claim.c.obj
 .debug_info    0x00004dda      0x458 CMakeFiles/ws2812.dir/C_/Users/iago/.pico-sdk/sdk/2.1.0/src/rp2_common/hardware_sync/sync.c.obj
 .debug_info    0x00005232      0x245 CMakeFiles/ws2812.dir/C_/Users/iago/.pico-sdk/sdk/2.1.0/src/rp2_common/hardware_sync_spin_lock/sync_spin_lock.c.obj
 .debug_info    0x00005477     0x21a8 CMakeFiles/ws2812.dir/C_/Users/iago/.pico-sdk/sdk/2.1.0/src/rp2_common/hardware_irq/irq.c.obj
 .debug_info    0x0000761f      0x15f CMakeFiles/ws2812.dir/C_/Users/iago/.pico-sdk/sdk/2.1.0/src/common/pico_sync/lock_core.c.obj
 .debug_info    0x0000777e     0x2803 CMakeFiles/ws2812.dir/C_/Users/iago/.pico-sdk/sdk/2.1.0/src/common/pico_sync/mutex.c.obj
 .debug_info    0x00009f81     0x485e CMakeFiles/ws2812.dir/C_/Users/iago/.pico-sdk/sdk/2.1.0/src/common/pico_time/time.c.obj
 .debug_info    0x0000e7df     0x2b11 CMakeFiles/ws2812.dir/C_/Users/iago/.pico-sdk/sdk/2.1.0/src/rp2_common/hardware_timer/timer.c.obj
 .debug_info    0x000112f0     0x195f CMakeFiles/ws2812.dir/C_/Users/iago/.pico-sdk/sdk/2.1.0/src/rp2_common/hardware_uart/uart.c.obj
 .debug_info    0x00012c4f     0x2935 CMakeFiles/ws2812.dir/C_/Users/iago/.pico-sdk/sdk/2.1.0/src/rp2_common/hardware_clocks/clocks.c.obj
 .debug_info    0x00015584      0x4e5 CMakeFiles/ws2812.dir/C_/Users/iago/.pico-sdk/sdk/2.1.0/src/rp2_common/hardware_pll/pll.c.obj
 .debug_info    0x00015a69      0x248 CMakeFiles/ws2812.dir/C_/Users/iago/.pico-sdk/sdk/2.1.0/src/rp2_common/hardware_ticks/ticks.c.obj
 .debug_info    0x00015cb1      0x633 CMakeFiles/ws2812.dir/C_/Users/iago/.pico-sdk/sdk/2.1.0/src/rp2_common/pico_bootrom/bootrom.c.obj
 .debug_info    0x000162e4      0x1cc CMakeFiles/ws2812.dir/C_/Users/iago/.pico-sdk/sdk/2.1.0/src/rp2_common/hardware_xosc/xosc.c.obj
 .debug_info    0x000164b0      0x21a CMakeFiles/ws2812.dir/C_/Users/iago/.pico-sdk/sdk/2.1.0/src/rp2_common/pico_runtime/runtime.c.obj
 .debug_info    0x000166ca      0x795 CMakeFiles/ws2812.dir/C_/Users/iago/.pico-sdk/sdk/2.1.0/src/rp2_common/pico_runtime_init/runtime_init.c.obj
 .debug_info    0x00016e5f      0x780 CMakeFiles/ws2812.dir/C_/Users/iago/.pico-sdk/sdk/2.1.0/src/rp2_common/pico_runtime_init/runtime_init_clocks.c.obj
 .debug_info    0x000175df       0x23 CMakeFiles/ws2812.dir/C_/Users/iago/.pico-sdk/sdk/2.1.0/src/rp2_common/pico_bit_ops/bit_ops_aeabi.S.obj
 .debug_info    0x00017602       0x23 CMakeFiles/ws2812.dir/C_/Users/iago/.pico-sdk/sdk/2.1.0/src/rp2_common/pico_divider/divider_hardware.S.obj
 .debug_info    0x00017625       0x23 CMakeFiles/ws2812.dir/C_/Users/iago/.pico-sdk/sdk/2.1.0/src/rp2_common/pico_double/double_aeabi_rp2040.S.obj
 .debug_info    0x00017648      0x2d0 CMakeFiles/ws2812.dir/C_/Users/iago/.pico-sdk/sdk/2.1.0/src/rp2_common/pico_double/double_init_rom_rp2040.c.obj
 .debug_info    0x00017918       0x24 CMakeFiles/ws2812.dir/C_/Users/iago/.pico-sdk/sdk/2.1.0/src/rp2_common/pico_double/double_v1_rom_shim_rp2040.S.obj
 .debug_info    0x0001793c       0x24 CMakeFiles/ws2812.dir/C_/Users/iago/.pico-sdk/sdk/2.1.0/src/rp2_common/pico_int64_ops/pico_int64_ops_aeabi.S.obj
 .debug_info    0x00017960       0x23 CMakeFiles/ws2812.dir/C_/Users/iago/.pico-sdk/sdk/2.1.0/src/rp2_common/pico_float/float_aeabi_rp2040.S.obj
 .debug_info    0x00017983      0x2bc CMakeFiles/ws2812.dir/C_/Users/iago/.pico-sdk/sdk/2.1.0/src/rp2_common/pico_float/float_init_rom_rp2040.c.obj
 .debug_info    0x00017c3f       0x23 CMakeFiles/ws2812.dir/C_/Users/iago/.pico-sdk/sdk/2.1.0/src/rp2_common/pico_mem_ops/mem_ops_aeabi.S.obj
 .debug_info    0x00017c62      0x2b8 CMakeFiles/ws2812.dir/C_/Users/iago/.pico-sdk/sdk/2.1.0/src/rp2_common/pico_standard_binary_info/standard_binary_info.c.obj
 .debug_info    0x00017f1a     0x211a CMakeFiles/ws2812.dir/C_/Users/iago/.pico-sdk/sdk/2.1.0/src/rp2_common/pico_printf/printf.c.obj
 .debug_info    0x0001a034       0x23 CMakeFiles/ws2812.dir/C_/Users/iago/.pico-sdk/sdk/2.1.0/src/rp2_common/pico_crt0/crt0.S.obj
 .debug_info    0x0001a057      0xb54 CMakeFiles/ws2812.dir/C_/Users/iago/.pico-sdk/sdk/2.1.0/src/rp2_common/pico_clib_interface/newlib_interface.c.obj
 .debug_info    0x0001abab     0x1cdd CMakeFiles/ws2812.dir/C_/Users/iago/.pico-sdk/sdk/2.1.0/src/rp2_common/pico_stdio/stdio.c.obj
 .debug_info    0x0001c888     0x14e7 CMakeFiles/ws2812.dir/C_/Users/iago/.pico-sdk/sdk/2.1.0/src/rp2_common/pico_stdio_uart/stdio_uart.c.obj
 .debug_info    0x0001dd6f     0x306e CMakeFiles/ws2812.dir/C_/Users/iago/.pico-sdk/sdk/2.1.0/src/rp2_common/hardware_pio/pio.c.obj

.debug_abbrev   0x00000000     0x59d4
 .debug_abbrev  0x00000000      0x47f CMakeFiles/ws2812.dir/ws2812.c.obj
 .debug_abbrev  0x0000047f      0x4f9 CMakeFiles/ws2812.dir/C_/Users/iago/.pico-sdk/sdk/2.1.0/src/rp2_common/hardware_gpio/gpio.c.obj
 .debug_abbrev  0x00000978      0x12b CMakeFiles/ws2812.dir/C_/Users/iago/.pico-sdk/sdk/2.1.0/src/rp2_common/pico_platform_panic/panic.c.obj
 .debug_abbrev  0x00000aa3      0x33b CMakeFiles/ws2812.dir/C_/Users/iago/.pico-sdk/sdk/2.1.0/src/common/hardware_claim/claim.c.obj
 .debug_abbrev  0x00000dde      0x20d CMakeFiles/ws2812.dir/C_/Users/iago/.pico-sdk/sdk/2.1.0/src/rp2_common/hardware_sync/sync.c.obj
 .debug_abbrev  0x00000feb      0x1bb CMakeFiles/ws2812.dir/C_/Users/iago/.pico-sdk/sdk/2.1.0/src/rp2_common/hardware_sync_spin_lock/sync_spin_lock.c.obj
 .debug_abbrev  0x000011a6      0x5ff CMakeFiles/ws2812.dir/C_/Users/iago/.pico-sdk/sdk/2.1.0/src/rp2_common/hardware_irq/irq.c.obj
 .debug_abbrev  0x000017a5       0xee CMakeFiles/ws2812.dir/C_/Users/iago/.pico-sdk/sdk/2.1.0/src/common/pico_sync/lock_core.c.obj
 .debug_abbrev  0x00001893      0x48c CMakeFiles/ws2812.dir/C_/Users/iago/.pico-sdk/sdk/2.1.0/src/common/pico_sync/mutex.c.obj
 .debug_abbrev  0x00001d1f      0x67b CMakeFiles/ws2812.dir/C_/Users/iago/.pico-sdk/sdk/2.1.0/src/common/pico_time/time.c.obj
 .debug_abbrev  0x0000239a      0x4f2 CMakeFiles/ws2812.dir/C_/Users/iago/.pico-sdk/sdk/2.1.0/src/rp2_common/hardware_timer/timer.c.obj
 .debug_abbrev  0x0000288c      0x365 CMakeFiles/ws2812.dir/C_/Users/iago/.pico-sdk/sdk/2.1.0/src/rp2_common/hardware_uart/uart.c.obj
 .debug_abbrev  0x00002bf1      0x4e2 CMakeFiles/ws2812.dir/C_/Users/iago/.pico-sdk/sdk/2.1.0/src/rp2_common/hardware_clocks/clocks.c.obj
 .debug_abbrev  0x000030d3      0x1d2 CMakeFiles/ws2812.dir/C_/Users/iago/.pico-sdk/sdk/2.1.0/src/rp2_common/hardware_pll/pll.c.obj
 .debug_abbrev  0x000032a5      0x145 CMakeFiles/ws2812.dir/C_/Users/iago/.pico-sdk/sdk/2.1.0/src/rp2_common/hardware_ticks/ticks.c.obj
 .debug_abbrev  0x000033ea      0x1d7 CMakeFiles/ws2812.dir/C_/Users/iago/.pico-sdk/sdk/2.1.0/src/rp2_common/pico_bootrom/bootrom.c.obj
 .debug_abbrev  0x000035c1      0x11b CMakeFiles/ws2812.dir/C_/Users/iago/.pico-sdk/sdk/2.1.0/src/rp2_common/hardware_xosc/xosc.c.obj
 .debug_abbrev  0x000036dc      0x182 CMakeFiles/ws2812.dir/C_/Users/iago/.pico-sdk/sdk/2.1.0/src/rp2_common/pico_runtime/runtime.c.obj
 .debug_abbrev  0x0000385e      0x222 CMakeFiles/ws2812.dir/C_/Users/iago/.pico-sdk/sdk/2.1.0/src/rp2_common/pico_runtime_init/runtime_init.c.obj
 .debug_abbrev  0x00003a80      0x294 CMakeFiles/ws2812.dir/C_/Users/iago/.pico-sdk/sdk/2.1.0/src/rp2_common/pico_runtime_init/runtime_init_clocks.c.obj
 .debug_abbrev  0x00003d14       0x12 CMakeFiles/ws2812.dir/C_/Users/iago/.pico-sdk/sdk/2.1.0/src/rp2_common/pico_bit_ops/bit_ops_aeabi.S.obj
 .debug_abbrev  0x00003d26       0x12 CMakeFiles/ws2812.dir/C_/Users/iago/.pico-sdk/sdk/2.1.0/src/rp2_common/pico_divider/divider_hardware.S.obj
 .debug_abbrev  0x00003d38       0x12 CMakeFiles/ws2812.dir/C_/Users/iago/.pico-sdk/sdk/2.1.0/src/rp2_common/pico_double/double_aeabi_rp2040.S.obj
 .debug_abbrev  0x00003d4a      0x1bb CMakeFiles/ws2812.dir/C_/Users/iago/.pico-sdk/sdk/2.1.0/src/rp2_common/pico_double/double_init_rom_rp2040.c.obj
 .debug_abbrev  0x00003f05       0x14 CMakeFiles/ws2812.dir/C_/Users/iago/.pico-sdk/sdk/2.1.0/src/rp2_common/pico_double/double_v1_rom_shim_rp2040.S.obj
 .debug_abbrev  0x00003f19       0x14 CMakeFiles/ws2812.dir/C_/Users/iago/.pico-sdk/sdk/2.1.0/src/rp2_common/pico_int64_ops/pico_int64_ops_aeabi.S.obj
 .debug_abbrev  0x00003f2d       0x12 CMakeFiles/ws2812.dir/C_/Users/iago/.pico-sdk/sdk/2.1.0/src/rp2_common/pico_float/float_aeabi_rp2040.S.obj
 .debug_abbrev  0x00003f3f      0x19e CMakeFiles/ws2812.dir/C_/Users/iago/.pico-sdk/sdk/2.1.0/src/rp2_common/pico_float/float_init_rom_rp2040.c.obj
 .debug_abbrev  0x000040dd       0x12 CMakeFiles/ws2812.dir/C_/Users/iago/.pico-sdk/sdk/2.1.0/src/rp2_common/pico_mem_ops/mem_ops_aeabi.S.obj
 .debug_abbrev  0x000040ef       0xb8 CMakeFiles/ws2812.dir/C_/Users/iago/.pico-sdk/sdk/2.1.0/src/rp2_common/pico_standard_binary_info/standard_binary_info.c.obj
 .debug_abbrev  0x000041a7      0x525 CMakeFiles/ws2812.dir/C_/Users/iago/.pico-sdk/sdk/2.1.0/src/rp2_common/pico_printf/printf.c.obj
 .debug_abbrev  0x000046cc       0x12 CMakeFiles/ws2812.dir/C_/Users/iago/.pico-sdk/sdk/2.1.0/src/rp2_common/pico_crt0/crt0.S.obj
 .debug_abbrev  0x000046de      0x352 CMakeFiles/ws2812.dir/C_/Users/iago/.pico-sdk/sdk/2.1.0/src/rp2_common/pico_clib_interface/newlib_interface.c.obj
 .debug_abbrev  0x00004a30      0x5eb CMakeFiles/ws2812.dir/C_/Users/iago/.pico-sdk/sdk/2.1.0/src/rp2_common/pico_stdio/stdio.c.obj
 .debug_abbrev  0x0000501b      0x498 CMakeFiles/ws2812.dir/C_/Users/iago/.pico-sdk/sdk/2.1.0/src/rp2_common/pico_stdio_uart/stdio_uart.c.obj
 .debug_abbrev  0x000054b3      0x521 CMakeFiles/ws2812.dir/C_/Users/iago/.pico-sdk/sdk/2.1.0/src/rp2_common/hardware_pio/pio.c.obj

.debug_loclists
                0x00000000    0x128ea
 .debug_loclists
                0x00000000      0x62f CMakeFiles/ws2812.dir/ws2812.c.obj
 .debug_loclists
                0x0000062f     0x1a03 CMakeFiles/ws2812.dir/C_/Users/iago/.pico-sdk/sdk/2.1.0/src/rp2_common/hardware_gpio/gpio.c.obj
 .debug_loclists
                0x00002032      0x36e CMakeFiles/ws2812.dir/C_/Users/iago/.pico-sdk/sdk/2.1.0/src/common/hardware_claim/claim.c.obj
 .debug_loclists
                0x000023a0       0xf1 CMakeFiles/ws2812.dir/C_/Users/iago/.pico-sdk/sdk/2.1.0/src/rp2_common/hardware_sync/sync.c.obj
 .debug_loclists
                0x00002491       0x7d CMakeFiles/ws2812.dir/C_/Users/iago/.pico-sdk/sdk/2.1.0/src/rp2_common/hardware_sync_spin_lock/sync_spin_lock.c.obj
 .debug_loclists
                0x0000250e     0x116f CMakeFiles/ws2812.dir/C_/Users/iago/.pico-sdk/sdk/2.1.0/src/rp2_common/hardware_irq/irq.c.obj
 .debug_loclists
                0x0000367d       0x41 CMakeFiles/ws2812.dir/C_/Users/iago/.pico-sdk/sdk/2.1.0/src/common/pico_sync/lock_core.c.obj
 .debug_loclists
                0x000036be      0xafa CMakeFiles/ws2812.dir/C_/Users/iago/.pico-sdk/sdk/2.1.0/src/common/pico_sync/mutex.c.obj
 .debug_loclists
                0x000041b8     0x24bd CMakeFiles/ws2812.dir/C_/Users/iago/.pico-sdk/sdk/2.1.0/src/common/pico_time/time.c.obj
 .debug_loclists
                0x00006675     0x1a12 CMakeFiles/ws2812.dir/C_/Users/iago/.pico-sdk/sdk/2.1.0/src/rp2_common/hardware_timer/timer.c.obj
 .debug_loclists
                0x00008087      0xc90 CMakeFiles/ws2812.dir/C_/Users/iago/.pico-sdk/sdk/2.1.0/src/rp2_common/hardware_uart/uart.c.obj
 .debug_loclists
                0x00008d17     0x28a5 CMakeFiles/ws2812.dir/C_/Users/iago/.pico-sdk/sdk/2.1.0/src/rp2_common/hardware_clocks/clocks.c.obj
 .debug_loclists
                0x0000b5bc      0x1e0 CMakeFiles/ws2812.dir/C_/Users/iago/.pico-sdk/sdk/2.1.0/src/rp2_common/hardware_pll/pll.c.obj
 .debug_loclists
                0x0000b79c       0x47 CMakeFiles/ws2812.dir/C_/Users/iago/.pico-sdk/sdk/2.1.0/src/rp2_common/hardware_ticks/ticks.c.obj
 .debug_loclists
                0x0000b7e3      0x38a CMakeFiles/ws2812.dir/C_/Users/iago/.pico-sdk/sdk/2.1.0/src/rp2_common/pico_bootrom/bootrom.c.obj
 .debug_loclists
                0x0000bb6d       0x48 CMakeFiles/ws2812.dir/C_/Users/iago/.pico-sdk/sdk/2.1.0/src/rp2_common/hardware_xosc/xosc.c.obj
 .debug_loclists
                0x0000bbb5       0x7e CMakeFiles/ws2812.dir/C_/Users/iago/.pico-sdk/sdk/2.1.0/src/rp2_common/pico_runtime/runtime.c.obj
 .debug_loclists
                0x0000bc33       0xba CMakeFiles/ws2812.dir/C_/Users/iago/.pico-sdk/sdk/2.1.0/src/rp2_common/pico_runtime_init/runtime_init.c.obj
 .debug_loclists
                0x0000bced       0x74 CMakeFiles/ws2812.dir/C_/Users/iago/.pico-sdk/sdk/2.1.0/src/rp2_common/pico_runtime_init/runtime_init_clocks.c.obj
 .debug_loclists
                0x0000bd61       0x35 CMakeFiles/ws2812.dir/C_/Users/iago/.pico-sdk/sdk/2.1.0/src/rp2_common/pico_double/double_init_rom_rp2040.c.obj
 .debug_loclists
                0x0000bd96       0x4e CMakeFiles/ws2812.dir/C_/Users/iago/.pico-sdk/sdk/2.1.0/src/rp2_common/pico_float/float_init_rom_rp2040.c.obj
 .debug_loclists
                0x0000bde4     0x2f65 CMakeFiles/ws2812.dir/C_/Users/iago/.pico-sdk/sdk/2.1.0/src/rp2_common/pico_printf/printf.c.obj
 .debug_loclists
                0x0000ed49      0x431 CMakeFiles/ws2812.dir/C_/Users/iago/.pico-sdk/sdk/2.1.0/src/rp2_common/pico_clib_interface/newlib_interface.c.obj
 .debug_loclists
                0x0000f17a      0xeab CMakeFiles/ws2812.dir/C_/Users/iago/.pico-sdk/sdk/2.1.0/src/rp2_common/pico_stdio/stdio.c.obj
 .debug_loclists
                0x00010025      0x754 CMakeFiles/ws2812.dir/C_/Users/iago/.pico-sdk/sdk/2.1.0/src/rp2_common/pico_stdio_uart/stdio_uart.c.obj
 .debug_loclists
                0x00010779     0x2171 CMakeFiles/ws2812.dir/C_/Users/iago/.pico-sdk/sdk/2.1.0/src/rp2_common/hardware_pio/pio.c.obj

.debug_aranges  0x00000000      0xf28
 .debug_aranges
                0x00000000       0x38 CMakeFiles/ws2812.dir/ws2812.c.obj
 .debug_aranges
                0x00000038      0x120 CMakeFiles/ws2812.dir/C_/Users/iago/.pico-sdk/sdk/2.1.0/src/rp2_common/hardware_gpio/gpio.c.obj
 .debug_aranges
                0x00000158       0x28 CMakeFiles/ws2812.dir/C_/Users/iago/.pico-sdk/sdk/2.1.0/src/rp2_common/pico_platform_panic/panic.c.obj
 .debug_aranges
                0x00000180       0x48 CMakeFiles/ws2812.dir/C_/Users/iago/.pico-sdk/sdk/2.1.0/src/common/hardware_claim/claim.c.obj
 .debug_aranges
                0x000001c8       0x48 CMakeFiles/ws2812.dir/C_/Users/iago/.pico-sdk/sdk/2.1.0/src/rp2_common/hardware_sync/sync.c.obj
 .debug_aranges
                0x00000210       0x28 CMakeFiles/ws2812.dir/C_/Users/iago/.pico-sdk/sdk/2.1.0/src/rp2_common/hardware_sync_spin_lock/sync_spin_lock.c.obj
 .debug_aranges
                0x00000238       0xb0 CMakeFiles/ws2812.dir/C_/Users/iago/.pico-sdk/sdk/2.1.0/src/rp2_common/hardware_irq/irq.c.obj
 .debug_aranges
                0x000002e8       0x20 CMakeFiles/ws2812.dir/C_/Users/iago/.pico-sdk/sdk/2.1.0/src/common/pico_sync/lock_core.c.obj
 .debug_aranges
                0x00000308       0x98 CMakeFiles/ws2812.dir/C_/Users/iago/.pico-sdk/sdk/2.1.0/src/common/pico_sync/mutex.c.obj
 .debug_aranges
                0x000003a0       0xe0 CMakeFiles/ws2812.dir/C_/Users/iago/.pico-sdk/sdk/2.1.0/src/common/pico_time/time.c.obj
 .debug_aranges
                0x00000480       0xf0 CMakeFiles/ws2812.dir/C_/Users/iago/.pico-sdk/sdk/2.1.0/src/rp2_common/hardware_timer/timer.c.obj
 .debug_aranges
                0x00000570       0x58 CMakeFiles/ws2812.dir/C_/Users/iago/.pico-sdk/sdk/2.1.0/src/rp2_common/hardware_uart/uart.c.obj
 .debug_aranges
                0x000005c8       0x90 CMakeFiles/ws2812.dir/C_/Users/iago/.pico-sdk/sdk/2.1.0/src/rp2_common/hardware_clocks/clocks.c.obj
 .debug_aranges
                0x00000658       0x28 CMakeFiles/ws2812.dir/C_/Users/iago/.pico-sdk/sdk/2.1.0/src/rp2_common/hardware_pll/pll.c.obj
 .debug_aranges
                0x00000680       0x30 CMakeFiles/ws2812.dir/C_/Users/iago/.pico-sdk/sdk/2.1.0/src/rp2_common/hardware_ticks/ticks.c.obj
 .debug_aranges
                0x000006b0       0x40 CMakeFiles/ws2812.dir/C_/Users/iago/.pico-sdk/sdk/2.1.0/src/rp2_common/pico_bootrom/bootrom.c.obj
 .debug_aranges
                0x000006f0       0x30 CMakeFiles/ws2812.dir/C_/Users/iago/.pico-sdk/sdk/2.1.0/src/rp2_common/hardware_xosc/xosc.c.obj
 .debug_aranges
                0x00000720       0x38 CMakeFiles/ws2812.dir/C_/Users/iago/.pico-sdk/sdk/2.1.0/src/rp2_common/pico_runtime/runtime.c.obj
 .debug_aranges
                0x00000758       0x48 CMakeFiles/ws2812.dir/C_/Users/iago/.pico-sdk/sdk/2.1.0/src/rp2_common/pico_runtime_init/runtime_init.c.obj
 .debug_aranges
                0x000007a0       0x20 CMakeFiles/ws2812.dir/C_/Users/iago/.pico-sdk/sdk/2.1.0/src/rp2_common/pico_runtime_init/runtime_init_clocks.c.obj
 .debug_aranges
                0x000007c0       0x60 CMakeFiles/ws2812.dir/C_/Users/iago/.pico-sdk/sdk/2.1.0/src/rp2_common/pico_bit_ops/bit_ops_aeabi.S.obj
 .debug_aranges
                0x00000820       0x40 CMakeFiles/ws2812.dir/C_/Users/iago/.pico-sdk/sdk/2.1.0/src/rp2_common/pico_divider/divider_hardware.S.obj
 .debug_aranges
                0x00000860      0x140 CMakeFiles/ws2812.dir/C_/Users/iago/.pico-sdk/sdk/2.1.0/src/rp2_common/pico_double/double_aeabi_rp2040.S.obj
 .debug_aranges
                0x000009a0       0x28 CMakeFiles/ws2812.dir/C_/Users/iago/.pico-sdk/sdk/2.1.0/src/rp2_common/pico_double/double_init_rom_rp2040.c.obj
 .debug_aranges
                0x000009c8       0x20 CMakeFiles/ws2812.dir/C_/Users/iago/.pico-sdk/sdk/2.1.0/src/rp2_common/pico_double/double_v1_rom_shim_rp2040.S.obj
 .debug_aranges
                0x000009e8       0x20 CMakeFiles/ws2812.dir/C_/Users/iago/.pico-sdk/sdk/2.1.0/src/rp2_common/pico_int64_ops/pico_int64_ops_aeabi.S.obj
 .debug_aranges
                0x00000a08      0x130 CMakeFiles/ws2812.dir/C_/Users/iago/.pico-sdk/sdk/2.1.0/src/rp2_common/pico_float/float_aeabi_rp2040.S.obj
 .debug_aranges
                0x00000b38       0x28 CMakeFiles/ws2812.dir/C_/Users/iago/.pico-sdk/sdk/2.1.0/src/rp2_common/pico_float/float_init_rom_rp2040.c.obj
 .debug_aranges
                0x00000b60       0x38 CMakeFiles/ws2812.dir/C_/Users/iago/.pico-sdk/sdk/2.1.0/src/rp2_common/pico_mem_ops/mem_ops_aeabi.S.obj
 .debug_aranges
                0x00000b98       0x18 CMakeFiles/ws2812.dir/C_/Users/iago/.pico-sdk/sdk/2.1.0/src/rp2_common/pico_standard_binary_info/standard_binary_info.c.obj
 .debug_aranges
                0x00000bb0       0x90 CMakeFiles/ws2812.dir/C_/Users/iago/.pico-sdk/sdk/2.1.0/src/rp2_common/pico_printf/printf.c.obj
 .debug_aranges
                0x00000c40       0x28 CMakeFiles/ws2812.dir/C_/Users/iago/.pico-sdk/sdk/2.1.0/src/rp2_common/pico_crt0/crt0.S.obj
 .debug_aranges
                0x00000c68       0xa0 CMakeFiles/ws2812.dir/C_/Users/iago/.pico-sdk/sdk/2.1.0/src/rp2_common/pico_clib_interface/newlib_interface.c.obj
 .debug_aranges
                0x00000d08       0xc8 CMakeFiles/ws2812.dir/C_/Users/iago/.pico-sdk/sdk/2.1.0/src/rp2_common/pico_stdio/stdio.c.obj
 .debug_aranges
                0x00000dd0       0x80 CMakeFiles/ws2812.dir/C_/Users/iago/.pico-sdk/sdk/2.1.0/src/rp2_common/pico_stdio_uart/stdio_uart.c.obj
 .debug_aranges
                0x00000e50       0xd8 CMakeFiles/ws2812.dir/C_/Users/iago/.pico-sdk/sdk/2.1.0/src/rp2_common/hardware_pio/pio.c.obj

.debug_rnglists
                0x00000000     0x32bf
 .debug_rnglists
                0x00000000      0x1f8 CMakeFiles/ws2812.dir/ws2812.c.obj
 .debug_rnglists
                0x000001f8      0x5c7 CMakeFiles/ws2812.dir/C_/Users/iago/.pico-sdk/sdk/2.1.0/src/rp2_common/hardware_gpio/gpio.c.obj
 .debug_rnglists
                0x000007bf       0x19 CMakeFiles/ws2812.dir/C_/Users/iago/.pico-sdk/sdk/2.1.0/src/rp2_common/pico_platform_panic/panic.c.obj
 .debug_rnglists
                0x000007d8       0xc5 CMakeFiles/ws2812.dir/C_/Users/iago/.pico-sdk/sdk/2.1.0/src/common/hardware_claim/claim.c.obj
 .debug_rnglists
                0x0000089d       0x67 CMakeFiles/ws2812.dir/C_/Users/iago/.pico-sdk/sdk/2.1.0/src/rp2_common/hardware_sync/sync.c.obj
 .debug_rnglists
                0x00000904       0x3d CMakeFiles/ws2812.dir/C_/Users/iago/.pico-sdk/sdk/2.1.0/src/rp2_common/hardware_sync_spin_lock/sync_spin_lock.c.obj
 .debug_rnglists
                0x00000941      0x355 CMakeFiles/ws2812.dir/C_/Users/iago/.pico-sdk/sdk/2.1.0/src/rp2_common/hardware_irq/irq.c.obj
 .debug_rnglists
                0x00000c96       0x1f CMakeFiles/ws2812.dir/C_/Users/iago/.pico-sdk/sdk/2.1.0/src/common/pico_sync/lock_core.c.obj
 .debug_rnglists
                0x00000cb5      0x32c CMakeFiles/ws2812.dir/C_/Users/iago/.pico-sdk/sdk/2.1.0/src/common/pico_sync/mutex.c.obj
 .debug_rnglists
                0x00000fe1      0x77c CMakeFiles/ws2812.dir/C_/Users/iago/.pico-sdk/sdk/2.1.0/src/common/pico_time/time.c.obj
 .debug_rnglists
                0x0000175d      0x2c6 CMakeFiles/ws2812.dir/C_/Users/iago/.pico-sdk/sdk/2.1.0/src/rp2_common/hardware_timer/timer.c.obj
 .debug_rnglists
                0x00001a23      0x259 CMakeFiles/ws2812.dir/C_/Users/iago/.pico-sdk/sdk/2.1.0/src/rp2_common/hardware_uart/uart.c.obj
 .debug_rnglists
                0x00001c7c      0x4ad CMakeFiles/ws2812.dir/C_/Users/iago/.pico-sdk/sdk/2.1.0/src/rp2_common/hardware_clocks/clocks.c.obj
 .debug_rnglists
                0x00002129       0x5c CMakeFiles/ws2812.dir/C_/Users/iago/.pico-sdk/sdk/2.1.0/src/rp2_common/hardware_pll/pll.c.obj
 .debug_rnglists
                0x00002185       0x2b CMakeFiles/ws2812.dir/C_/Users/iago/.pico-sdk/sdk/2.1.0/src/rp2_common/hardware_ticks/ticks.c.obj
 .debug_rnglists
                0x000021b0      0x10c CMakeFiles/ws2812.dir/C_/Users/iago/.pico-sdk/sdk/2.1.0/src/rp2_common/pico_bootrom/bootrom.c.obj
 .debug_rnglists
                0x000022bc       0x2b CMakeFiles/ws2812.dir/C_/Users/iago/.pico-sdk/sdk/2.1.0/src/rp2_common/hardware_xosc/xosc.c.obj
 .debug_rnglists
                0x000022e7       0x3d CMakeFiles/ws2812.dir/C_/Users/iago/.pico-sdk/sdk/2.1.0/src/rp2_common/pico_runtime/runtime.c.obj
 .debug_rnglists
                0x00002324       0x49 CMakeFiles/ws2812.dir/C_/Users/iago/.pico-sdk/sdk/2.1.0/src/rp2_common/pico_runtime_init/runtime_init.c.obj
 .debug_rnglists
                0x0000236d       0x20 CMakeFiles/ws2812.dir/C_/Users/iago/.pico-sdk/sdk/2.1.0/src/rp2_common/pico_runtime_init/runtime_init_clocks.c.obj
 .debug_rnglists
                0x0000238d       0x43 CMakeFiles/ws2812.dir/C_/Users/iago/.pico-sdk/sdk/2.1.0/src/rp2_common/pico_bit_ops/bit_ops_aeabi.S.obj
 .debug_rnglists
                0x000023d0       0x2c CMakeFiles/ws2812.dir/C_/Users/iago/.pico-sdk/sdk/2.1.0/src/rp2_common/pico_divider/divider_hardware.S.obj
 .debug_rnglists
                0x000023fc       0xec CMakeFiles/ws2812.dir/C_/Users/iago/.pico-sdk/sdk/2.1.0/src/rp2_common/pico_double/double_aeabi_rp2040.S.obj
 .debug_rnglists
                0x000024e8       0x1a CMakeFiles/ws2812.dir/C_/Users/iago/.pico-sdk/sdk/2.1.0/src/rp2_common/pico_double/double_init_rom_rp2040.c.obj
 .debug_rnglists
                0x00002502       0xdf CMakeFiles/ws2812.dir/C_/Users/iago/.pico-sdk/sdk/2.1.0/src/rp2_common/pico_float/float_aeabi_rp2040.S.obj
 .debug_rnglists
                0x000025e1       0x19 CMakeFiles/ws2812.dir/C_/Users/iago/.pico-sdk/sdk/2.1.0/src/rp2_common/pico_float/float_init_rom_rp2040.c.obj
 .debug_rnglists
                0x000025fa       0x25 CMakeFiles/ws2812.dir/C_/Users/iago/.pico-sdk/sdk/2.1.0/src/rp2_common/pico_mem_ops/mem_ops_aeabi.S.obj
 .debug_rnglists
                0x0000261f      0x27c CMakeFiles/ws2812.dir/C_/Users/iago/.pico-sdk/sdk/2.1.0/src/rp2_common/pico_printf/printf.c.obj
 .debug_rnglists
                0x0000289b       0x1b CMakeFiles/ws2812.dir/C_/Users/iago/.pico-sdk/sdk/2.1.0/src/rp2_common/pico_crt0/crt0.S.obj
 .debug_rnglists
                0x000028b6       0x7f CMakeFiles/ws2812.dir/C_/Users/iago/.pico-sdk/sdk/2.1.0/src/rp2_common/pico_clib_interface/newlib_interface.c.obj
 .debug_rnglists
                0x00002935      0x297 CMakeFiles/ws2812.dir/C_/Users/iago/.pico-sdk/sdk/2.1.0/src/rp2_common/pico_stdio/stdio.c.obj
 .debug_rnglists
                0x00002bcc      0x1ce CMakeFiles/ws2812.dir/C_/Users/iago/.pico-sdk/sdk/2.1.0/src/rp2_common/pico_stdio_uart/stdio_uart.c.obj
 .debug_rnglists
                0x00002d9a      0x525 CMakeFiles/ws2812.dir/C_/Users/iago/.pico-sdk/sdk/2.1.0/src/rp2_common/hardware_pio/pio.c.obj

.debug_line     0x00000000    0x189ba
 .debug_line    0x00000000      0xd1a CMakeFiles/ws2812.dir/ws2812.c.obj
 .debug_line    0x00000d1a     0x1c8d CMakeFiles/ws2812.dir/C_/Users/iago/.pico-sdk/sdk/2.1.0/src/rp2_common/hardware_gpio/gpio.c.obj
 .debug_line    0x000029a7      0x284 CMakeFiles/ws2812.dir/C_/Users/iago/.pico-sdk/sdk/2.1.0/src/rp2_common/pico_platform_panic/panic.c.obj
 .debug_line    0x00002c2b      0x926 CMakeFiles/ws2812.dir/C_/Users/iago/.pico-sdk/sdk/2.1.0/src/common/hardware_claim/claim.c.obj
 .debug_line    0x00003551      0x4ca CMakeFiles/ws2812.dir/C_/Users/iago/.pico-sdk/sdk/2.1.0/src/rp2_common/hardware_sync/sync.c.obj
 .debug_line    0x00003a1b      0x3b3 CMakeFiles/ws2812.dir/C_/Users/iago/.pico-sdk/sdk/2.1.0/src/rp2_common/hardware_sync_spin_lock/sync_spin_lock.c.obj
 .debug_line    0x00003dce     0x170a CMakeFiles/ws2812.dir/C_/Users/iago/.pico-sdk/sdk/2.1.0/src/rp2_common/hardware_irq/irq.c.obj
 .debug_line    0x000054d8      0x2de CMakeFiles/ws2812.dir/C_/Users/iago/.pico-sdk/sdk/2.1.0/src/common/pico_sync/lock_core.c.obj
 .debug_line    0x000057b6     0x1b1c CMakeFiles/ws2812.dir/C_/Users/iago/.pico-sdk/sdk/2.1.0/src/common/pico_sync/mutex.c.obj
 .debug_line    0x000072d2     0x3124 CMakeFiles/ws2812.dir/C_/Users/iago/.pico-sdk/sdk/2.1.0/src/common/pico_time/time.c.obj
 .debug_line    0x0000a3f6     0x1d27 CMakeFiles/ws2812.dir/C_/Users/iago/.pico-sdk/sdk/2.1.0/src/rp2_common/hardware_timer/timer.c.obj